01-23 06:44:50.542 18004-18004/com.huza.carrot_and_stick D/Carrot_and_Stick: ReceiverStateListener : onReceive : MESSAGE : android.intent.action.SCREEN_ON
01-23 06:44:50.542 18004-18004/com.huza.carrot_and_stick D/Carrot_and_Stick: ReceiverStateListener : onReceive : SCREEN_ON is now Under Construction
01-23 06:44:50.554 18004-18004/com.huza.carrot_and_stick D/Carrot_and_Stick: ReceiverStateListener : onReceive : MESSAGE : android.intent.action.USER_PRESENT
01-23 06:44:50.554 18004-18004/com.huza.carrot_and_stick D/Carrot_and_Stick: ReceiverStateListener : MESSAGE : mContext = com.huza.carrot_and_stick.ServiceBackground@361b851
01-23 06:44:50.554 18004-18004/com.huza.carrot_and_stick D/Carrot_and_Stick: ReceiverStateListener : MESSAGE : sendMessage = true : 1
01-23 06:44:50.554 18004-18004/com.huza.carrot_and_stick D/Carrot_and_Stick: ServiceBackground : MESSAGE : BackgroundIncomingHandler = 1
01-23 06:44:50.591 18004-18004/com.huza.carrot_and_stick D/Carrot_and_Stick: ServiceBackground : checkServiceRunning : com.huza.carrot_and_stick.ServiceAlwaysOnTop = found!!!!
01-23 06:44:50.833 2807-2807/? D/CarrierText: onRefreshCarrierInfo()
01-23 06:44:50.833 2807-2807/? D/CarrierText: updateCarrierText(): 1
01-23 06:44:50.835 2807-2807/? D/CarrierText: simState: READY,  phoneId: 0
01-23 06:44:50.835 2807-2807/? D/CarrierText: simState: READY,  carrierText: LG U+
01-23 06:44:50.835 2807-2807/? D/CarrierText: displayText: LG U+
01-23 06:44:50.880 2807-2807/? D/CarrierText: onRefreshCarrierInfo()
01-23 06:44:50.880 2807-2807/? D/CarrierText: updateCarrierText(): 1
01-23 06:44:50.881 2807-2807/? D/CarrierText: simState: READY,  phoneId: 0
01-23 06:44:50.881 2807-2807/? D/CarrierText: simState: READY,  carrierText: LG U+
01-23 06:44:50.882 2807-2807/? D/CarrierText: displayText: LG U+
01-23 06:44:50.978 2807-2807/? D/CarrierText: onRefreshCarrierInfo()
01-23 06:44:50.978 2807-2807/? D/CarrierText: updateCarrierText(): 1
01-23 06:44:50.979 2807-2807/? D/CarrierText: simState: READY,  phoneId: 0
01-23 06:44:50.979 2807-2807/? D/CarrierText: simState: READY,  carrierText: LG U+
01-23 06:44:50.979 2807-2807/? D/CarrierText: displayText: LG U+
01-23 06:44:50.998 2807-2807/? D/CarrierText: onRefreshCarrierInfo()
01-23 06:44:50.998 2807-2807/? D/CarrierText: updateCarrierText(): 1
01-23 06:44:50.999 2807-2807/? D/CarrierText: simState: READY,  phoneId: 0
01-23 06:44:50.999 2807-2807/? D/CarrierText: simState: READY,  carrierText: LG U+
01-23 06:44:50.999 2807-2807/? D/CarrierText: displayText: LG U+
01-23 06:44:51.741 30957-30957/? E/AppInfoDao: pname = com.huza.carrot_and_stick
01-23 06:44:52.038 30957-30957/? D/LPDMainRunReceiver: LPD unused data in 14 = com.huza.carrot_and_stick_prototype Date = 20170109
01-23 06:44:52.047 30957-30957/? D/LPDMainRunReceiver[LOC]:  SAME package : com.huza.carrot_and_stick
01-23 06:44:53.352 18004-18004/com.huza.carrot_and_stick I/ViewRootImpl: ViewRoot's Touch Event : ACTION_DOWN
01-23 06:44:53.392 18004-18004/com.huza.carrot_and_stick D/Carrot_and_Stick: SlidingLayout : OnTouchListener : (978, 638)  (150, 44)
01-23 06:44:53.392 18004-18004/com.huza.carrot_and_stick D/Carrot_and_Stick: SlidingLayout : OnTouchListener : ACTION_DOWN
01-23 06:44:53.392 18004-18004/com.huza.carrot_and_stick D/Carrot_and_Stick: SlidingLayout : timer_start : kill_timer
01-23 06:44:53.427 18004-18004/com.huza.carrot_and_stick D/Carrot_and_Stick: SlidingLayout : OnTouchListener : (986, 649)  (150, 44)
01-23 06:44:53.427 18004-18004/com.huza.carrot_and_stick D/Carrot_and_Stick: SlidingLayout : OnTouchListener : ACTION_MOVE
01-23 06:44:53.440 18004-18004/com.huza.carrot_and_stick D/Carrot_and_Stick: SlidingLayout : OnTouchListener : (1039, 791)  (150, 44)
01-23 06:44:53.440 18004-18004/com.huza.carrot_and_stick D/Carrot_and_Stick: SlidingLayout : OnTouchListener : ACTION_MOVE
01-23 06:44:53.453 18004-18004/com.huza.carrot_and_stick D/Carrot_and_Stick: SlidingLayout : OnTouchListener : (1049, 947)  (150, 44)
01-23 06:44:53.453 18004-18004/com.huza.carrot_and_stick D/Carrot_and_Stick: SlidingLayout : OnTouchListener : ACTION_MOVE
01-23 06:44:53.469 18004-18004/com.huza.carrot_and_stick D/Carrot_and_Stick: SlidingLayout : OnTouchListener : (1063, 1156)  (150, 44)
01-23 06:44:53.469 18004-18004/com.huza.carrot_and_stick D/Carrot_and_Stick: SlidingLayout : OnTouchListener : ACTION_MOVE
01-23 06:44:53.533 18004-18004/com.huza.carrot_and_stick D/Carrot_and_Stick: SlidingLayout : OnTouchListener : (1071, 1247)  (150, 44)
01-23 06:44:53.533 18004-18004/com.huza.carrot_and_stick D/Carrot_and_Stick: SlidingLayout : OnTouchListener : ACTION_MOVE
01-23 06:44:53.534 18004-18004/com.huza.carrot_and_stick I/ViewRootImpl: ViewRoot's Touch Event : ACTION_UP
01-23 06:44:53.534 18004-18004/com.huza.carrot_and_stick D/Carrot_and_Stick: SlidingLayout : OnTouchListener : (1071, 1247)  (150, 44)
01-23 06:44:53.534 18004-18004/com.huza.carrot_and_stick D/Carrot_and_Stick: SlidingLayout : OnTouchListener : ACTION_UP
01-23 06:44:53.534 18004-18004/com.huza.carrot_and_stick D/Carrot_and_Stick: SlidingLayout : open_slide
01-23 06:44:53.543 18004-18004/com.huza.carrot_and_stick D/Carrot_and_Stick: SlidingLayout : timer_start : start
01-23 06:44:54.218 18004-18004/com.huza.carrot_and_stick I/ViewRootImpl: ViewRoot's Touch Event : ACTION_DOWN
01-23 06:44:54.220 18004-18004/com.huza.carrot_and_stick D/Carrot_and_Stick: SlidingLayout : OnTouchListener : (1084, 1094)  (150, 44)
01-23 06:44:54.220 18004-18004/com.huza.carrot_and_stick D/Carrot_and_Stick: SlidingLayout : OnTouchListener : ACTION_DOWN
01-23 06:44:54.220 18004-18004/com.huza.carrot_and_stick D/Carrot_and_Stick: SlidingLayout : timer_start : kill_timer
01-23 06:44:54.241 18004-18004/com.huza.carrot_and_stick D/Carrot_and_Stick: SlidingLayout : OnTouchListener : (1084, 1092)  (150, 44)
01-23 06:44:54.241 18004-18004/com.huza.carrot_and_stick D/Carrot_and_Stick: SlidingLayout : OnTouchListener : ACTION_MOVE
01-23 06:44:54.260 18004-18004/com.huza.carrot_and_stick D/Carrot_and_Stick: SlidingLayout : OnTouchListener : (1096, 991)  (150, 44)
01-23 06:44:54.260 18004-18004/com.huza.carrot_and_stick D/Carrot_and_Stick: SlidingLayout : OnTouchListener : ACTION_MOVE
01-23 06:44:54.276 18004-18004/com.huza.carrot_and_stick D/Carrot_and_Stick: SlidingLayout : OnTouchListener : (1136, 879)  (150, 44)
01-23 06:44:54.276 18004-18004/com.huza.carrot_and_stick D/Carrot_and_Stick: SlidingLayout : OnTouchListener : ACTION_MOVE
01-23 06:44:54.292 18004-18004/com.huza.carrot_and_stick D/Carrot_and_Stick: SlidingLayout : OnTouchListener : (1196, 728)  (150, 44)
01-23 06:44:54.292 18004-18004/com.huza.carrot_and_stick D/Carrot_and_Stick: SlidingLayout : OnTouchListener : ACTION_MOVE
01-23 06:44:54.310 18004-18004/com.huza.carrot_and_stick D/Carrot_and_Stick: SlidingLayout : OnTouchListener : (1249, 607)  (150, 44)
01-23 06:44:54.310 18004-18004/com.huza.carrot_and_stick D/Carrot_and_Stick: SlidingLayout : OnTouchListener : ACTION_MOVE
01-23 06:44:54.326 18004-18004/com.huza.carrot_and_stick D/Carrot_and_Stick: SlidingLayout : OnTouchListener : (1287, 524)  (150, 44)
01-23 06:44:54.326 18004-18004/com.huza.carrot_and_stick D/Carrot_and_Stick: SlidingLayout : OnTouchListener : ACTION_MOVE
01-23 06:44:54.334 18004-18004/com.huza.carrot_and_stick D/Carrot_and_Stick: SlidingLayout : OnTouchListener : (1300, 496)  (150, 44)
01-23 06:44:54.334 18004-18004/com.huza.carrot_and_stick D/Carrot_and_Stick: SlidingLayout : OnTouchListener : ACTION_MOVE
01-23 06:44:54.334 18004-18004/com.huza.carrot_and_stick I/ViewRootImpl: ViewRoot's Touch Event : ACTION_UP
01-23 06:44:54.334 18004-18004/com.huza.carrot_and_stick D/Carrot_and_Stick: SlidingLayout : OnTouchListener : (1300, 496)  (150, 44)
01-23 06:44:54.334 18004-18004/com.huza.carrot_and_stick D/Carrot_and_Stick: SlidingLayout : OnTouchListener : ACTION_UP
01-23 06:44:54.334 18004-18004/com.huza.carrot_and_stick D/Carrot_and_Stick: SlidingLayout : close_slide
                                                                             
                                                                             [ 01-23 06:44:54.538 21824:21824 W/         ]
                                                                             Unable to open '/system/framework/qcom.fmradio.jar': No such file or directory
01-23 06:44:54.890 18004-18004/com.huza.carrot_and_stick I/ViewRootImpl: ViewRoot's Touch Event : ACTION_DOWN
01-23 06:44:54.988 18004-18004/com.huza.carrot_and_stick I/ViewRootImpl: ViewRoot's Touch Event : ACTION_UP
01-23 06:44:54.990 18004-18004/com.huza.carrot_and_stick I/AudioManagerEx: AudioManagerEx created
01-23 06:44:54.991 18004-18004/com.huza.carrot_and_stick D/Carrot_and_Stick: AlwaysOnTop : start_creditticker
01-23 06:44:54.991 18004-18004/com.huza.carrot_and_stick D/Carrot_and_Stick: AlwaysOnTop : MESSAGE : sendMessage = true : 197
01-23 06:44:54.991 18004-18004/com.huza.carrot_and_stick D/Carrot_and_Stick: AlwaysOnTop : MESSAGE : true : 0
01-23 06:44:54.991 18004-18004/com.huza.carrot_and_stick D/Carrot_and_Stick: AlwaysOnTop : MESSAGE : sender_unit started 197 | Bundle[{}]
01-23 06:44:54.992 18004-18004/com.huza.carrot_and_stick D/Carrot_and_Stick: ServiceBackground : MESSAGE : BackgroundIncomingHandler = 197
01-23 06:44:54.992 18004-18004/com.huza.carrot_and_stick D/Carrot_and_Stick: ServiceBackground : MESSAGE : sendMessage0 = true : 198 | null : lets_stop_thisloop = false
01-23 06:44:54.992 18004-18004/com.huza.carrot_and_stick D/Carrot_and_Stick: ServiceBackground : MESSAGE : true0 : 0
01-23 06:44:54.992 18004-18004/com.huza.carrot_and_stick D/Carrot_and_Stick: ServiceBackground : MESSAGE : sender_unit started 0 : 198 | Bundle[{}]
01-23 06:44:54.997 18004-18004/com.huza.carrot_and_stick D/Carrot_and_Stick: ServiceBackground : mConnection_AoT : disconnected
01-23 06:44:55.002 18004-18004/com.huza.carrot_and_stick D/Carrot_and_Stick: ServiceBackground : checkServiceRunning : com.huza.carrot_and_stick.ServiceCreditTicker = not running
01-23 06:44:55.005 18004-18004/com.huza.carrot_and_stick D/Carrot_and_Stick: ServiceBackground : MESSAGE : sendMessage1 = false : 500 : lets_stop_thisloop = false
01-23 06:44:55.005 18004-18004/com.huza.carrot_and_stick D/Carrot_and_Stick: ServiceBackground : MESSAGE : add_to_message_queue!! : 500 : null
01-23 06:44:55.005 18004-18004/com.huza.carrot_and_stick D/Carrot_and_Stick: ServiceBackground : MESSAGE : add_to_message_queue!! : 1
01-23 06:44:55.052 18004-18004/com.huza.carrot_and_stick D/Carrot_and_Stick: AlwaysOnTop : MESSAGE : BackgroundIncomingHandler = 198
01-23 06:44:55.052 18004-18004/com.huza.carrot_and_stick D/Carrot_and_Stick: AlwaysOnTop : AoT screen setSystemUiVisibility 해제
01-23 06:44:55.052 18004-18004/com.huza.carrot_and_stick D/Carrot_and_Stick: AlwaysOnTop : onSystemUiVisibilityChange_exit
01-23 06:44:55.052 18004-18004/com.huza.carrot_and_stick D/Carrot_and_Stick: AlwaysOnTop : MESSAGE : sendMessage = true : 199
01-23 06:44:55.052 18004-18004/com.huza.carrot_and_stick D/Carrot_and_Stick: AlwaysOnTop : MESSAGE : true : 0
01-23 06:44:55.052 18004-18004/com.huza.carrot_and_stick D/Carrot_and_Stick: AlwaysOnTop : MESSAGE : sender_unit started 199 | Bundle[{}]
01-23 06:44:55.053 18004-18004/com.huza.carrot_and_stick D/Carrot_and_Stick: AlwaysOnTop : MESSAGE : 나 이제 죽는다?
01-23 06:44:55.056 18004-18004/com.huza.carrot_and_stick D/Carrot_and_Stick: ServiceCreditTicker 생성
01-23 06:44:55.060 18004-18004/com.huza.carrot_and_stick D/Carrot_and_Stick: ServiceCreditTicker : MESSAGE : sendMessage = false : 501
01-23 06:44:55.063 18004-18004/com.huza.carrot_and_stick D/Carrot_and_Stick: ServiceCreditTicker : onStartCommand 생성
01-23 06:44:55.072 18004-18004/com.huza.carrot_and_stick D/Carrot_and_Stick: AlwaysOnTop : onStartCommand : startForeground 호출!!!
01-23 06:44:55.072 18004-18004/com.huza.carrot_and_stick D/Carrot_and_Stick: ServiceCreditTicker : Received credit 86495
01-23 06:44:55.088 1375-1375/? I/NotificationServiceEx: LED remove() : mLights=0|com.huza.carrot_and_stick|737|null|10300
01-23 06:44:55.088 1375-1375/? D/NotificationServiceEx: updateLightListLocked :r=0|com.huza.carrot_and_stick|737|null|10300, action=2
01-23 06:44:55.106 1375-1389/? I/SystemUI[Framework]: PhoneWindowManager.updateSystemUiVisibilityLw() :visibility=0x8000, pkg=com.huza.carrot_and_stick
01-23 06:44:55.107 1375-1389/? D/StatusBarManagerServiceEx: manageNaviBtnDisableList userId=0 what=0x0 pkg=Window{3d9cbe8 u0 com.huza.carrot_and_stick}
01-23 06:44:55.107 1375-1389/? I/SystemUI[Framework]: ==>disabledNaviBtn() what=0x0, token=android.os.Binder@47a1a22,  pkg=Window{3d9cbe8 u0 com.huza.carrot_and_stick}
01-23 06:44:55.212 1375-1375/? I/NotificationServiceEx: LED remove() : mLights=0|com.huza.carrot_and_stick|737|null|10300
01-23 06:44:55.213 1375-1375/? D/NotificationServiceEx: updateLightListLocked :r=0|com.huza.carrot_and_stick|737|null|10300, action=2
01-23 06:44:55.232 18004-18004/com.huza.carrot_and_stick D/Carrot_and_Stick: SlidingLayout : onSizeChanged
01-23 06:44:55.233 18004-18004/com.huza.carrot_and_stick D/Carrot_and_Stick: SettingAdapter : 0 : !Switch
01-23 06:44:55.241 18004-18004/com.huza.carrot_and_stick D/Carrot_and_Stick: SettingAdapter : OnCheckedChangeListener | TRUE
01-23 06:44:55.241 18004-18004/com.huza.carrot_and_stick D/Carrot_and_Stick: SettingAdapter : initialized item : 0
01-23 06:44:55.250 18004-18004/com.huza.carrot_and_stick D/Carrot_and_Stick: SettingAdapter : 1 : Switch
01-23 06:44:55.251 18004-18004/com.huza.carrot_and_stick D/Carrot_and_Stick: SettingAdapter : initialized item : 1
01-23 06:44:55.252 18004-18004/com.huza.carrot_and_stick D/Carrot_and_Stick: SettingAdapter : 2 : Switch
01-23 06:44:55.254 18004-18004/com.huza.carrot_and_stick D/Carrot_and_Stick: SettingAdapter : initialized item : 2
01-23 06:44:55.255 18004-18004/com.huza.carrot_and_stick D/Carrot_and_Stick: SettingAdapter : 3 : !Switch
01-23 06:44:55.257 18004-18004/com.huza.carrot_and_stick D/Carrot_and_Stick: SettingAdapter : OnCheckedChangeListener | TRUE
01-23 06:44:55.257 18004-18004/com.huza.carrot_and_stick D/Carrot_and_Stick: SettingAdapter : initialized item : 3
01-23 06:44:55.258 18004-18004/com.huza.carrot_and_stick D/Carrot_and_Stick: SettingAdapter : 4 : Button
01-23 06:44:55.260 18004-18004/com.huza.carrot_and_stick D/Carrot_and_Stick: SettingAdapter : initialized item : 4
01-23 06:44:55.261 18004-18004/com.huza.carrot_and_stick D/Carrot_and_Stick: SettingAdapter : 5 : Button
01-23 06:44:55.262 18004-18004/com.huza.carrot_and_stick D/Carrot_and_Stick: SettingAdapter : initialized item : 5
01-23 06:44:55.263 18004-18004/com.huza.carrot_and_stick D/Carrot_and_Stick: HistoryAdapter : getView called : 0
01-23 06:44:55.263 18004-18004/com.huza.carrot_and_stick D/Carrot_and_Stick: HistoryAdapter : getView called : 0 : -178
01-23 06:44:55.264 18004-18004/com.huza.carrot_and_stick D/Carrot_and_Stick: HistoryAdapter : getView called : 1
01-23 06:44:55.264 18004-18004/com.huza.carrot_and_stick D/Carrot_and_Stick: HistoryAdapter : getView called : 1 : -23
01-23 06:44:55.265 18004-18004/com.huza.carrot_and_stick D/Carrot_and_Stick: HistoryAdapter : getView called : 2
01-23 06:44:55.265 18004-18004/com.huza.carrot_and_stick D/Carrot_and_Stick: HistoryAdapter : getView called : 2 : -33
01-23 06:44:55.266 18004-18004/com.huza.carrot_and_stick D/Carrot_and_Stick: HistoryAdapter : getView called : 3
01-23 06:44:55.266 18004-18004/com.huza.carrot_and_stick D/Carrot_and_Stick: HistoryAdapter : getView called : 3 : -3
01-23 06:44:55.267 18004-18004/com.huza.carrot_and_stick D/Carrot_and_Stick: HistoryAdapter : getView called : 4
01-23 06:44:55.267 18004-18004/com.huza.carrot_and_stick D/Carrot_and_Stick: HistoryAdapter : getView called : 4 : -17
01-23 06:44:55.269 18004-18004/com.huza.carrot_and_stick D/Carrot_and_Stick: HistoryAdapter : getView called : 5
01-23 06:44:55.269 18004-18004/com.huza.carrot_and_stick D/Carrot_and_Stick: HistoryAdapter : getView called : 5 : -4
01-23 06:44:55.309 18004-18004/com.huza.carrot_and_stick D/Carrot_and_Stick: ServiceBackground : MESSAGE : BackgroundIncomingHandler = 199
01-23 06:44:55.309 18004-18004/com.huza.carrot_and_stick D/Carrot_and_Stick: ServiceBackground : MESSAGE : AoT 죽여?
01-23 06:44:55.309 18004-18004/com.huza.carrot_and_stick D/Carrot_and_Stick: ServiceBackground : shutdown_AoT : AoT 서비스를 종료 합니다
01-23 06:44:55.359 18004-18041/com.huza.carrot_and_stick D/OpenGLRenderer: endAllActiveAnimators on 0x7f6127c400 (RippleDrawable) with handle 0x7f5df9e040
01-23 06:44:55.359 18004-18004/com.huza.carrot_and_stick D/Carrot_and_Stick: AlwaysOnTop : AoT 소멸
01-23 06:44:55.368 18004-18004/com.huza.carrot_and_stick D/Carrot_and_Stick: ServiceCreditTicker : MESSAGE : sendMessage = true : 501
01-23 06:44:55.368 18004-18004/com.huza.carrot_and_stick D/Carrot_and_Stick: ServiceBackground : MESSAGE : sendMessage1 = true : 499 : lets_stop_thisloop = false
01-23 06:44:55.368 18004-18004/com.huza.carrot_and_stick D/Carrot_and_Stick: ServiceBackground : MESSAGE : true1 : 1
01-23 06:44:55.368 18004-18004/com.huza.carrot_and_stick D/Carrot_and_Stick: ServiceBackground : MESSAGE : sender_unit started 1 : 500 | Bundle[{}]
01-23 06:44:55.368 18004-18004/com.huza.carrot_and_stick D/Carrot_and_Stick: ServiceBackground : MESSAGE : sender_unit started 1 : 499 | Bundle[{}]
01-23 06:44:55.419 1375-2826/? D/InputDispatcher: Focus left window: Window{3d9cbe8 u0 com.huza.carrot_and_stick}
01-23 06:44:55.420 1375-2826/? D/InputDispatcher: Window went away: Window{3d9cbe8 u0 com.huza.carrot_and_stick}
01-23 06:44:55.423 18004-18004/com.huza.carrot_and_stick D/Carrot_and_Stick: ServiceBackground : MESSAGE : BackgroundIncomingHandler = 501
01-23 06:44:55.423 18004-18004/com.huza.carrot_and_stick D/Carrot_and_Stick: ServiceBackground : MESSAGE : BackgroundIncomingHandler : Ticker connected
01-23 06:44:55.433 18004-18004/com.huza.carrot_and_stick D/Carrot_and_Stick: ServiceCreditTicker : MESSAGE : BackgroundIncomingHandler = 500
01-23 06:44:55.433 18004-18004/com.huza.carrot_and_stick D/Carrot_and_Stick: ServiceCreditTicker : MESSAGE : BackgroundIncomingHandler : Background connected
01-23 06:44:55.433 18004-18004/com.huza.carrot_and_stick D/Carrot_and_Stick: ServiceCreditTicker : MESSAGE : BackgroundIncomingHandler = 499
01-23 06:44:56.169 1375-1375/? I/NotificationServiceEx: LED remove() : mLights=0|com.huza.carrot_and_stick|737|null|10300
01-23 06:44:56.169 1375-1375/? D/NotificationServiceEx: updateLightListLocked :r=0|com.huza.carrot_and_stick|737|null|10300, action=2
01-23 06:44:57.174 1375-1375/? I/NotificationServiceEx: LED remove() : mLights=0|com.huza.carrot_and_stick|737|null|10300
01-23 06:44:57.174 1375-1375/? D/NotificationServiceEx: updateLightListLocked :r=0|com.huza.carrot_and_stick|737|null|10300, action=2
01-23 06:44:58.212 1375-1375/? I/NotificationServiceEx: LED remove() : mLights=0|com.huza.carrot_and_stick|737|null|10300
01-23 06:44:58.212 1375-1375/? D/NotificationServiceEx: updateLightListLocked :r=0|com.huza.carrot_and_stick|737|null|10300, action=2
01-23 06:44:59.261 1375-1375/? I/NotificationServiceEx: LED remove() : mLights=0|com.huza.carrot_and_stick|737|null|10300
01-23 06:44:59.261 1375-1375/? D/NotificationServiceEx: updateLightListLocked :r=0|com.huza.carrot_and_stick|737|null|10300, action=2
01-23 06:45:00.295 1375-1375/? I/NotificationServiceEx: LED remove() : mLights=0|com.huza.carrot_and_stick|737|null|10300
01-23 06:45:00.295 1375-1375/? D/NotificationServiceEx: updateLightListLocked :r=0|com.huza.carrot_and_stick|737|null|10300, action=2
01-23 06:45:01.320 1375-1375/? I/NotificationServiceEx: LED remove() : mLights=0|com.huza.carrot_and_stick|737|null|10300
01-23 06:45:01.320 1375-1375/? D/NotificationServiceEx: updateLightListLocked :r=0|com.huza.carrot_and_stick|737|null|10300, action=2
01-23 06:45:02.359 1375-1375/? I/NotificationServiceEx: LED remove() : mLights=0|com.huza.carrot_and_stick|737|null|10300
01-23 06:45:02.359 1375-1375/? D/NotificationServiceEx: updateLightListLocked :r=0|com.huza.carrot_and_stick|737|null|10300, action=2
01-23 06:45:03.414 1375-1375/? I/NotificationServiceEx: LED remove() : mLights=0|com.huza.carrot_and_stick|737|null|10300
01-23 06:45:03.414 1375-1375/? D/NotificationServiceEx: updateLightListLocked :r=0|com.huza.carrot_and_stick|737|null|10300, action=2
01-23 06:45:04.443 1375-1375/? I/NotificationServiceEx: LED remove() : mLights=0|com.huza.carrot_and_stick|737|null|10300
01-23 06:45:04.443 1375-1375/? D/NotificationServiceEx: updateLightListLocked :r=0|com.huza.carrot_and_stick|737|null|10300, action=2
01-23 06:45:05.489 1375-1375/? I/NotificationServiceEx: LED remove() : mLights=0|com.huza.carrot_and_stick|737|null|10300
01-23 06:45:05.489 1375-1375/? D/NotificationServiceEx: updateLightListLocked :r=0|com.huza.carrot_and_stick|737|null|10300, action=2
01-23 06:45:06.497 1375-1375/? I/NotificationServiceEx: LED remove() : mLights=0|com.huza.carrot_and_stick|737|null|10300
01-23 06:45:06.497 1375-1375/? D/NotificationServiceEx: updateLightListLocked :r=0|com.huza.carrot_and_stick|737|null|10300, action=2
01-23 06:45:07.529 1375-1375/? I/NotificationServiceEx: LED remove() : mLights=0|com.huza.carrot_and_stick|737|null|10300
01-23 06:45:07.529 1375-1375/? D/NotificationServiceEx: updateLightListLocked :r=0|com.huza.carrot_and_stick|737|null|10300, action=2
01-23 06:45:08.573 1375-1375/? I/NotificationServiceEx: LED remove() : mLights=0|com.huza.carrot_and_stick|737|null|10300
01-23 06:45:08.573 1375-1375/? D/NotificationServiceEx: updateLightListLocked :r=0|com.huza.carrot_and_stick|737|null|10300, action=2
01-23 06:45:09.627 1375-1375/? I/NotificationServiceEx: LED remove() : mLights=0|com.huza.carrot_and_stick|737|null|10300
01-23 06:45:09.627 1375-1375/? D/NotificationServiceEx: updateLightListLocked :r=0|com.huza.carrot_and_stick|737|null|10300, action=2
01-23 06:45:10.647 1375-1375/? I/NotificationServiceEx: LED remove() : mLights=0|com.huza.carrot_and_stick|737|null|10300
01-23 06:45:10.647 1375-1375/? D/NotificationServiceEx: updateLightListLocked :r=0|com.huza.carrot_and_stick|737|null|10300, action=2
01-23 06:45:11.691 1375-1375/? I/NotificationServiceEx: LED remove() : mLights=0|com.huza.carrot_and_stick|737|null|10300
01-23 06:45:11.691 1375-1375/? D/NotificationServiceEx: updateLightListLocked :r=0|com.huza.carrot_and_stick|737|null|10300, action=2
01-23 06:45:12.720 1375-1375/? I/NotificationServiceEx: LED remove() : mLights=0|com.huza.carrot_and_stick|737|null|10300
01-23 06:45:12.720 1375-1375/? D/NotificationServiceEx: updateLightListLocked :r=0|com.huza.carrot_and_stick|737|null|10300, action=2
01-23 06:45:13.756 1375-1375/? I/NotificationServiceEx: LED remove() : mLights=0|com.huza.carrot_and_stick|737|null|10300
01-23 06:45:13.756 1375-1375/? D/NotificationServiceEx: updateLightListLocked :r=0|com.huza.carrot_and_stick|737|null|10300, action=2
01-23 06:45:14.791 1375-1375/? I/NotificationServiceEx: LED remove() : mLights=0|com.huza.carrot_and_stick|737|null|10300
01-23 06:45:14.791 1375-1375/? D/NotificationServiceEx: updateLightListLocked :r=0|com.huza.carrot_and_stick|737|null|10300, action=2
01-23 06:45:15.826 1375-1375/? I/NotificationServiceEx: LED remove() : mLights=0|com.huza.carrot_and_stick|737|null|10300
01-23 06:45:15.826 1375-1375/? D/NotificationServiceEx: updateLightListLocked :r=0|com.huza.carrot_and_stick|737|null|10300, action=2
01-23 06:45:16.871 1375-1375/? I/NotificationServiceEx: LED remove() : mLights=0|com.huza.carrot_and_stick|737|null|10300
01-23 06:45:16.871 1375-1375/? D/NotificationServiceEx: updateLightListLocked :r=0|com.huza.carrot_and_stick|737|null|10300, action=2
01-23 06:45:17.907 1375-1375/? I/NotificationServiceEx: LED remove() : mLights=0|com.huza.carrot_and_stick|737|null|10300
01-23 06:45:17.907 1375-1375/? D/NotificationServiceEx: updateLightListLocked :r=0|com.huza.carrot_and_stick|737|null|10300, action=2
01-23 06:45:18.930 1375-1375/? I/NotificationServiceEx: LED remove() : mLights=0|com.huza.carrot_and_stick|737|null|10300
01-23 06:45:18.930 1375-1375/? D/NotificationServiceEx: updateLightListLocked :r=0|com.huza.carrot_and_stick|737|null|10300, action=2
01-23 06:45:19.976 1375-1375/? I/NotificationServiceEx: LED remove() : mLights=0|com.huza.carrot_and_stick|737|null|10300
01-23 06:45:19.976 1375-1375/? D/NotificationServiceEx: updateLightListLocked :r=0|com.huza.carrot_and_stick|737|null|10300, action=2
01-23 06:45:20.986 1375-1375/? I/NotificationServiceEx: LED remove() : mLights=0|com.huza.carrot_and_stick|737|null|10300
01-23 06:45:20.987 1375-1375/? D/NotificationServiceEx: updateLightListLocked :r=0|com.huza.carrot_and_stick|737|null|10300, action=2
01-23 06:45:22.016 1375-1375/? I/NotificationServiceEx: LED remove() : mLights=0|com.huza.carrot_and_stick|737|null|10300
01-23 06:45:22.016 1375-1375/? D/NotificationServiceEx: updateLightListLocked :r=0|com.huza.carrot_and_stick|737|null|10300, action=2
01-23 06:45:23.049 1375-1375/? I/NotificationServiceEx: LED remove() : mLights=0|com.huza.carrot_and_stick|737|null|10300
01-23 06:45:23.049 1375-1375/? D/NotificationServiceEx: updateLightListLocked :r=0|com.huza.carrot_and_stick|737|null|10300, action=2
01-23 06:45:24.095 1375-1375/? I/NotificationServiceEx: LED remove() : mLights=0|com.huza.carrot_and_stick|737|null|10300
01-23 06:45:24.095 1375-1375/? D/NotificationServiceEx: updateLightListLocked :r=0|com.huza.carrot_and_stick|737|null|10300, action=2
01-23 06:45:25.130 1375-1375/? I/NotificationServiceEx: LED remove() : mLights=0|com.huza.carrot_and_stick|737|null|10300
01-23 06:45:25.130 1375-1375/? D/NotificationServiceEx: updateLightListLocked :r=0|com.huza.carrot_and_stick|737|null|10300, action=2
01-23 06:45:26.160 1375-1375/? I/NotificationServiceEx: LED remove() : mLights=0|com.huza.carrot_and_stick|737|null|10300
01-23 06:45:26.160 1375-1375/? D/NotificationServiceEx: updateLightListLocked :r=0|com.huza.carrot_and_stick|737|null|10300, action=2
01-23 06:45:27.190 1375-1375/? I/NotificationServiceEx: LED remove() : mLights=0|com.huza.carrot_and_stick|737|null|10300
01-23 06:45:27.190 1375-1375/? D/NotificationServiceEx: updateLightListLocked :r=0|com.huza.carrot_and_stick|737|null|10300, action=2
01-23 06:45:28.227 1375-1375/? I/NotificationServiceEx: LED remove() : mLights=0|com.huza.carrot_and_stick|737|null|10300
01-23 06:45:28.227 1375-1375/? D/NotificationServiceEx: updateLightListLocked :r=0|com.huza.carrot_and_stick|737|null|10300, action=2
01-23 06:45:29.263 1375-1375/? I/NotificationServiceEx: LED remove() : mLights=0|com.huza.carrot_and_stick|737|null|10300
01-23 06:45:29.263 1375-1375/? D/NotificationServiceEx: updateLightListLocked :r=0|com.huza.carrot_and_stick|737|null|10300, action=2
01-23 06:45:30.257 1375-1375/? I/NotificationServiceEx: LED remove() : mLights=0|com.huza.carrot_and_stick|737|null|10300
01-23 06:45:30.257 1375-1375/? D/NotificationServiceEx: updateLightListLocked :r=0|com.huza.carrot_and_stick|737|null|10300, action=2
01-23 06:45:31.318 1375-1375/? I/NotificationServiceEx: LED remove() : mLights=0|com.huza.carrot_and_stick|737|null|10300
01-23 06:45:31.318 1375-1375/? D/NotificationServiceEx: updateLightListLocked :r=0|com.huza.carrot_and_stick|737|null|10300, action=2
01-23 06:45:32.316 1375-1375/? I/NotificationServiceEx: LED remove() : mLights=0|com.huza.carrot_and_stick|737|null|10300
01-23 06:45:32.317 1375-1375/? D/NotificationServiceEx: updateLightListLocked :r=0|com.huza.carrot_and_stick|737|null|10300, action=2
01-23 06:45:33.345 1375-1375/? I/NotificationServiceEx: LED remove() : mLights=0|com.huza.carrot_and_stick|737|null|10300
01-23 06:45:33.345 1375-1375/? D/NotificationServiceEx: updateLightListLocked :r=0|com.huza.carrot_and_stick|737|null|10300, action=2
01-23 06:45:34.407 1375-1375/? I/NotificationServiceEx: LED remove() : mLights=0|com.huza.carrot_and_stick|737|null|10300
01-23 06:45:34.407 1375-1375/? D/NotificationServiceEx: updateLightListLocked :r=0|com.huza.carrot_and_stick|737|null|10300, action=2
01-23 06:45:35.428 1375-1375/? I/NotificationServiceEx: LED remove() : mLights=0|com.huza.carrot_and_stick|737|null|10300
01-23 06:45:35.428 1375-1375/? D/NotificationServiceEx: updateLightListLocked :r=0|com.huza.carrot_and_stick|737|null|10300, action=2
01-23 06:45:36.461 1375-1375/? I/NotificationServiceEx: LED remove() : mLights=0|com.huza.carrot_and_stick|737|null|10300
01-23 06:45:36.462 1375-1375/? D/NotificationServiceEx: updateLightListLocked :r=0|com.huza.carrot_and_stick|737|null|10300, action=2
01-23 06:45:37.503 1375-1375/? I/NotificationServiceEx: LED remove() : mLights=0|com.huza.carrot_and_stick|737|null|10300
01-23 06:45:37.503 1375-1375/? D/NotificationServiceEx: updateLightListLocked :r=0|com.huza.carrot_and_stick|737|null|10300, action=2
01-23 06:45:38.519 1375-1375/? I/NotificationServiceEx: LED remove() : mLights=0|com.huza.carrot_and_stick|737|null|10300
01-23 06:45:38.519 1375-1375/? D/NotificationServiceEx: updateLightListLocked :r=0|com.huza.carrot_and_stick|737|null|10300, action=2
01-23 06:45:39.553 1375-1375/? I/NotificationServiceEx: LED remove() : mLights=0|com.huza.carrot_and_stick|737|null|10300
01-23 06:45:39.553 1375-1375/? D/NotificationServiceEx: updateLightListLocked :r=0|com.huza.carrot_and_stick|737|null|10300, action=2
01-23 06:45:40.560 1375-1375/? I/NotificationServiceEx: LED remove() : mLights=0|com.huza.carrot_and_stick|737|null|10300
01-23 06:45:40.560 1375-1375/? D/NotificationServiceEx: updateLightListLocked :r=0|com.huza.carrot_and_stick|737|null|10300, action=2
01-23 06:45:41.612 1375-1375/? I/NotificationServiceEx: LED remove() : mLights=0|com.huza.carrot_and_stick|737|null|10300
01-23 06:45:41.612 1375-1375/? D/NotificationServiceEx: updateLightListLocked :r=0|com.huza.carrot_and_stick|737|null|10300, action=2
01-23 06:45:42.636 1375-1375/? I/NotificationServiceEx: LED remove() : mLights=0|com.huza.carrot_and_stick|737|null|10300
01-23 06:45:42.636 1375-1375/? D/NotificationServiceEx: updateLightListLocked :r=0|com.huza.carrot_and_stick|737|null|10300, action=2
01-23 06:45:43.672 1375-1375/? I/NotificationServiceEx: LED remove() : mLights=0|com.huza.carrot_and_stick|737|null|10300
01-23 06:45:43.672 1375-1375/? D/NotificationServiceEx: updateLightListLocked :r=0|com.huza.carrot_and_stick|737|null|10300, action=2
01-23 06:45:44.714 1375-1375/? I/NotificationServiceEx: LED remove() : mLights=0|com.huza.carrot_and_stick|737|null|10300
01-23 06:45:44.714 1375-1375/? D/NotificationServiceEx: updateLightListLocked :r=0|com.huza.carrot_and_stick|737|null|10300, action=2
01-23 06:45:45.737 1375-1375/? I/NotificationServiceEx: LED remove() : mLights=0|com.huza.carrot_and_stick|737|null|10300
01-23 06:45:45.737 1375-1375/? D/NotificationServiceEx: updateLightListLocked :r=0|com.huza.carrot_and_stick|737|null|10300, action=2
01-23 06:45:46.770 1375-1375/? I/NotificationServiceEx: LED remove() : mLights=0|com.huza.carrot_and_stick|737|null|10300
01-23 06:45:46.770 1375-1375/? D/NotificationServiceEx: updateLightListLocked :r=0|com.huza.carrot_and_stick|737|null|10300, action=2
01-23 06:45:47.805 1375-1375/? I/NotificationServiceEx: LED remove() : mLights=0|com.huza.carrot_and_stick|737|null|10300
01-23 06:45:47.805 1375-1375/? D/NotificationServiceEx: updateLightListLocked :r=0|com.huza.carrot_and_stick|737|null|10300, action=2
01-23 06:45:48.843 1375-1375/? I/NotificationServiceEx: LED remove() : mLights=0|com.huza.carrot_and_stick|737|null|10300
01-23 06:45:48.843 1375-1375/? D/NotificationServiceEx: updateLightListLocked :r=0|com.huza.carrot_and_stick|737|null|10300, action=2
01-23 06:45:49.877 1375-1375/? I/NotificationServiceEx: LED remove() : mLights=0|com.huza.carrot_and_stick|737|null|10300
01-23 06:45:49.877 1375-1375/? D/NotificationServiceEx: updateLightListLocked :r=0|com.huza.carrot_and_stick|737|null|10300, action=2
01-23 06:45:50.909 1375-1375/? I/NotificationServiceEx: LED remove() : mLights=0|com.huza.carrot_and_stick|737|null|10300
01-23 06:45:50.909 1375-1375/? D/NotificationServiceEx: updateLightListLocked :r=0|com.huza.carrot_and_stick|737|null|10300, action=2
01-23 06:45:51.941 1375-1375/? I/NotificationServiceEx: LED remove() : mLights=0|com.huza.carrot_and_stick|737|null|10300
01-23 06:45:51.941 1375-1375/? D/NotificationServiceEx: updateLightListLocked :r=0|com.huza.carrot_and_stick|737|null|10300, action=2
01-23 06:45:52.989 1375-1375/? I/NotificationServiceEx: LED remove() : mLights=0|com.huza.carrot_and_stick|737|null|10300
01-23 06:45:52.989 1375-1375/? D/NotificationServiceEx: updateLightListLocked :r=0|com.huza.carrot_and_stick|737|null|10300, action=2
01-23 06:45:54.029 1375-1375/? I/NotificationServiceEx: LED remove() : mLights=0|com.huza.carrot_and_stick|737|null|10300
01-23 06:45:54.029 1375-1375/? D/NotificationServiceEx: updateLightListLocked :r=0|com.huza.carrot_and_stick|737|null|10300, action=2
01-23 06:45:55.067 1375-1375/? I/NotificationServiceEx: LED remove() : mLights=0|com.huza.carrot_and_stick|737|null|10300
01-23 06:45:55.068 1375-1375/? D/NotificationServiceEx: updateLightListLocked :r=0|com.huza.carrot_and_stick|737|null|10300, action=2
01-23 06:45:56.117 1375-1375/? I/NotificationServiceEx: LED remove() : mLights=0|com.huza.carrot_and_stick|737|null|10300
01-23 06:45:56.117 1375-1375/? D/NotificationServiceEx: updateLightListLocked :r=0|com.huza.carrot_and_stick|737|null|10300, action=2
01-23 06:45:56.610 1375-3408/? I/ActivityManager: Process com.huza.carrot_and_stick (pid 18004) has died
01-23 06:45:56.611 1375-3408/? W/ActivityManager: Scheduling restart of crashed service com.huza.carrot_and_stick/.ServiceCreditTicker in 1000ms
01-23 06:45:56.611 1375-3408/? W/ActivityManager: Scheduling restart of crashed service com.huza.carrot_and_stick/.ServiceBackground in 11000ms
01-23 06:45:57.630 1375-1388/? I/ActivityManager: Start proc 22267:com.huza.carrot_and_stick/u0a300 for service com.huza.carrot_and_stick/.ServiceCreditTicker
01-23 06:45:57.636 22267-22267/com.huza.carrot_and_stick I/art: Late-enabling -Xcheck:jni
01-23 06:45:57.699 22267-22267/com.huza.carrot_and_stick W/System: ClassLoader referenced unknown path: /data/app/com.huza.carrot_and_stick-2/lib/arm64
01-23 06:45:57.703 22267-22267/com.huza.carrot_and_stick I/InstantRun: Instant Run Runtime started. Android package is com.huza.carrot_and_stick, real application class is null.
01-23 06:45:58.611 22267-22267/com.huza.carrot_and_stick W/System: ClassLoader referenced unknown path: /data/app/com.huza.carrot_and_stick-2/lib/arm64
01-23 06:45:58.768 22267-22331/com.huza.carrot_and_stick W/DynamiteModule: Local module descriptor class for com.google.firebase.auth not found.
01-23 06:45:58.781 22267-22331/com.huza.carrot_and_stick W/DynamiteModule: Local module descriptor class for com.google.firebase.auth not found.
01-23 06:45:58.911 22267-22267/com.huza.carrot_and_stick I/DynamiteModule: Considering local module com.google.android.gms.flags:2 and remote module com.google.android.gms.flags:0
01-23 06:45:58.911 22267-22267/com.huza.carrot_and_stick I/DynamiteModule: Selected local version of com.google.android.gms.flags
01-23 06:45:58.918 22267-22267/com.huza.carrot_and_stick W/DynamiteModule: Local module descriptor class for com.google.android.gms.crash not found.
01-23 06:45:58.922 22267-22267/com.huza.carrot_and_stick I/DynamiteModule: Considering local module com.google.android.gms.crash:0 and remote module com.google.android.gms.crash:4
01-23 06:45:58.922 22267-22267/com.huza.carrot_and_stick I/DynamiteModule: Selected remote version of com.google.android.gms.crash, version >= 4
01-23 06:45:58.946 22267-22267/com.huza.carrot_and_stick W/System: ClassLoader referenced unknown path: /data/user/0/com.google.android.gms/app_chimera/m/0000000f/n/arm64-v8a
01-23 06:45:58.975 22267-22267/com.huza.carrot_and_stick I/FirebaseCrashApiImpl: FirebaseCrashApiImpl created by ClassLoader m[DexPathList[[zip file "/data/data/com.google.android.gms/app_chimera/m/0000000f/DynamiteModulesC_GmsCore_prodmnc_alldpi_release.apk"],nativeLibraryDirectories=[/data/user/0/com.google.android.gms/app_chimera/m/0000000f/n/arm64-v8a, /vendor/lib64, /system/lib64]]]
01-23 06:45:59.034 22267-22267/com.huza.carrot_and_stick I/DynamiteModule: Considering local module com.google.android.gms.flags:2 and remote module com.google.android.gms.flags:0
01-23 06:45:59.034 22267-22267/com.huza.carrot_and_stick I/DynamiteModule: Selected local version of com.google.android.gms.flags
01-23 06:45:59.045 22267-22267/com.huza.carrot_and_stick W/DynamiteModule: Local module descriptor class for com.google.android.gms.crash not found.
01-23 06:45:59.109 22267-22267/com.huza.carrot_and_stick I/FA: App measurement is starting up, version: 10084
01-23 06:45:59.109 22267-22267/com.huza.carrot_and_stick I/FA: To enable debug logging run: adb shell setprop log.tag.FA VERBOSE
01-23 06:45:59.109 22267-22267/com.huza.carrot_and_stick D/FA: Debug-level message logging enabled
01-23 06:45:59.109 22267-22267/com.huza.carrot_and_stick D/FA: AppMeasurement singleton hash: 26715360
01-23 06:45:59.121 22267-22267/com.huza.carrot_and_stick V/FA: Collection enabled
01-23 06:45:59.122 22267-22267/com.huza.carrot_and_stick V/FA: App package, google app id: com.huza.carrot_and_stick, 1:93332277132:android:35e9d5239b3d43c9
01-23 06:45:59.122 22267-22267/com.huza.carrot_and_stick I/FA: To enable faster debug mode event logging run:
                                                                 adb shell setprop debug.firebase.analytics.app com.huza.carrot_and_stick
01-23 06:45:59.184 22267-22267/com.huza.carrot_and_stick V/FA: Registered activity lifecycle callback
01-23 06:45:59.185 22267-22267/com.huza.carrot_and_stick I/FirebaseCrash: FirebaseCrash reporting initialized com.google.android.gms.internal.zzbks@bb95ca
01-23 06:45:59.186 22267-22267/com.huza.carrot_and_stick I/FirebaseInitProvider: FirebaseApp initialization successful
01-23 06:45:59.193 22267-22336/com.huza.carrot_and_stick V/FA: Using measurement service
01-23 06:45:59.194 22267-22336/com.huza.carrot_and_stick V/FA: Connecting to remote service
01-23 06:45:59.218 22267-22267/com.huza.carrot_and_stick D/Carrot_and_Stick: ServiceCreditTicker 생성
01-23 06:45:59.221 22267-22267/com.huza.carrot_and_stick D/Carrot_and_Stick: ServiceCreditTicker : MESSAGE : sendMessage = false : 501
01-23 06:45:59.223 22267-22267/com.huza.carrot_and_stick D/Carrot_and_Stick: ServiceCreditTicker : onStartCommand 생성
01-23 06:45:59.228 22267-22267/com.huza.carrot_and_stick D/Carrot_and_Stick: ServiceCreditTicker : intent가 없으므로 gg
01-23 06:45:59.250 22267-22267/com.huza.carrot_and_stick D/Carrot_and_Stick: ServiceBackground 생성
01-23 06:45:59.262 22267-22267/com.huza.carrot_and_stick D/Carrot_and_Stick: ServiceBackground : init : ReceiverStateListener 등록
01-23 06:45:59.262 22267-22267/com.huza.carrot_and_stick D/Carrot_and_Stick: ServiceBackground : Init_firebase : started
01-23 06:45:59.347 22267-22267/com.huza.carrot_and_stick I/DynamiteModule: Considering local module com.google.android.gms.firebase_database:4 and remote module com.google.android.gms.firebase_database:4
01-23 06:45:59.347 22267-22267/com.huza.carrot_and_stick I/DynamiteModule: Selected remote version of com.google.android.gms.firebase_database, version >= 4
01-23 06:45:59.360 22267-22267/com.huza.carrot_and_stick D/Carrot_and_Stick: ServiceBackground : Init_firebase : log_init : 1485121559360
01-23 06:45:59.361 22267-22267/com.huza.carrot_and_stick D/Carrot_and_Stick: ServiceBackground : Init_firebase : log_init : 1484578800360
01-23 06:45:59.397 1375-1375/? I/NotificationServiceEx: LED remove() : mLights=0|com.huza.carrot_and_stick|737|null|10300
01-23 06:45:59.397 1375-1375/? D/NotificationServiceEx: updateLightListLocked :r=0|com.huza.carrot_and_stick|737|null|10300, action=2
01-23 06:45:59.403 22267-22267/com.huza.carrot_and_stick D/Carrot_and_Stick: ServiceBackground : checkServiceRunning : com.huza.carrot_and_stick.ServiceAlwaysOnTop = not running
01-23 06:45:59.403 22267-22267/com.huza.carrot_and_stick D/Carrot_and_Stick: ServiceBackground : Start_AoT : AoT 서비스를 시작합니다 : -1
01-23 06:45:59.424 22267-22267/com.huza.carrot_and_stick D/Carrot_and_Stick: ServiceBackground : onStartCommand : startForeground 호출!!!
01-23 06:45:59.428 22267-22267/com.huza.carrot_and_stick D/Carrot_and_Stick: ServiceCreditTicker 소멸
01-23 06:45:59.428 22267-22267/com.huza.carrot_and_stick D/Carrot_and_Stick: ServiceCreditTicker : onDestroy : notification을 삭제합니다
01-23 06:45:59.429 22267-22267/com.huza.carrot_and_stick D/Carrot_and_Stick: ServiceCreditTicker : onDestory : 60
01-23 06:45:59.446 22267-22267/com.huza.carrot_and_stick D/Carrot_and_Stick: ServiceBackground : phoneStateListener : onCallStateChanged : 0
01-23 06:45:59.446 22267-22267/com.huza.carrot_and_stick D/Carrot_and_Stick: ServiceBackground : sendUserCredit : -1
01-23 06:45:59.446 22267-22267/com.huza.carrot_and_stick D/Carrot_and_Stick: ServiceBackground : MESSAGE : sendMessage0 = false : 151 | 0 : lets_stop_thisloop = false
01-23 06:45:59.446 22267-22267/com.huza.carrot_and_stick D/Carrot_and_Stick: ServiceBackground : MESSAGE : add_to_message_queue!! : 151 : 0
01-23 06:45:59.447 22267-22267/com.huza.carrot_and_stick D/Carrot_and_Stick: ServiceBackground : MESSAGE : add_to_message_queue!! : 1
01-23 06:45:59.513 22267-22267/com.huza.carrot_and_stick D/Carrot_and_Stick: ServiceAlwaysOnTop 생성
01-23 06:45:59.513 22267-22267/com.huza.carrot_and_stick D/Carrot_and_Stick: ServiceAlwaysOnTop : onCreate
01-23 06:45:59.515 22267-22267/com.huza.carrot_and_stick D/Carrot_and_Stick: AlwaysOnTop : MESSAGE : sendMessage = false : 101
01-23 06:45:59.516 22267-22267/com.huza.carrot_and_stick D/Carrot_and_Stick: AlwaysOnTop : MESSAGE : add_to_message_queue!! : 101 : null
01-23 06:45:59.516 22267-22267/com.huza.carrot_and_stick D/Carrot_and_Stick: AlwaysOnTop : MESSAGE : add_to_message_queue!! : 1
01-23 06:45:59.517 22267-22267/com.huza.carrot_and_stick W/ResourceType: Invalid package identifier when getting bag for resource number 0x00000451
01-23 06:46:00.032 22267-22267/com.huza.carrot_and_stick D/DynamitePackage: Instantiated singleton DynamitePackage.
01-23 06:46:00.037 22267-22267/com.huza.carrot_and_stick D/DynamitePackage: Instantiating com.google.android.gms.ads.ChimeraMobileAdsSettingManagerCreatorImpl
01-23 06:46:00.166 22267-22267/com.huza.carrot_and_stick I/WebViewFactory: Loading com.google.android.webview version 55.0.2883.91 (code 288309150)
01-23 06:46:00.301 22267-22267/com.huza.carrot_and_stick I/art: Rejecting re-init on previously-failed class java.lang.Class<com.android.webview.chromium.TokenBindingManagerAdapter>
01-23 06:46:00.301 22267-22267/com.huza.carrot_and_stick I/art: Rejecting re-init on previously-failed class java.lang.Class<com.android.webview.chromium.TokenBindingManagerAdapter>
01-23 06:46:00.306 22267-22267/com.huza.carrot_and_stick I/art: Rejecting re-init on previously-failed class java.lang.Class<com.android.webview.chromium.ServiceWorkerControllerAdapter>
01-23 06:46:00.307 22267-22267/com.huza.carrot_and_stick I/art: Rejecting re-init on previously-failed class java.lang.Class<com.android.webview.chromium.ServiceWorkerControllerAdapter>
01-23 06:46:00.317 22267-22267/com.huza.carrot_and_stick I/cr_LibraryLoader: Time to load native libraries: 4 ms (timestamps 7997-8001)
01-23 06:46:00.317 22267-22267/com.huza.carrot_and_stick I/cr_LibraryLoader: Expected native library version number "55.0.2883.91", actual native library version number "55.0.2883.91"
01-23 06:46:00.328 22267-22267/com.huza.carrot_and_stick I/cr_LibraryLoader: Expected native library version number "55.0.2883.91", actual native library version number "55.0.2883.91"
01-23 06:46:00.328 22267-22267/com.huza.carrot_and_stick I/chromium: [INFO:library_loader_hooks.cc(163)] Chromium logging enabled: level = 0, default verbosity = 0
01-23 06:46:00.347 22267-22267/com.huza.carrot_and_stick I/cr_BrowserStartup: Initializing chromium process, singleProcess=true
01-23 06:46:00.369 22267-22267/com.huza.carrot_and_stick I/Adreno: QUALCOMM build                   : 22c3615, Ib683e2651b
                                                                   Build Date                       : 01/30/16
                                                                   OpenGL ES Shader Compiler Version: XE031.06.00.02
                                                                   Local Branch                     : 
                                                                   Remote Branch                    : refs/tags/AU_LINUX_ANDROID_LA.BF64.1.2.2_RB4.06.00.01.180.022
                                                                   Remote Branch                    : NONE
                                                                   Reconstruct Branch               : NOTHING
01-23 06:46:00.436 22267-22267/com.huza.carrot_and_stick I/AudioManagerEx: AudioManagerEx created
01-23 06:46:00.436 22267-22267/com.huza.carrot_and_stick D/AudioManager: getMode name:com.huza.carrot_and_stick
01-23 06:46:00.498 22267-22267/com.huza.carrot_and_stick D/DynamitePackage: Instantiating com.google.android.gms.ads.ChimeraAdManagerCreatorImpl
01-23 06:46:00.529 22267-22373/com.huza.carrot_and_stick I/DynamiteModule: Considering local module com.google.android.gms.piccard.dynamite:0 and remote module com.google.android.gms.piccard.dynamite:9
01-23 06:46:00.529 22267-22373/com.huza.carrot_and_stick I/DynamiteModule: Selected remote version of com.google.android.gms.piccard.dynamite, version >= 9
01-23 06:46:00.553 22267-22373/com.huza.carrot_and_stick W/AudioCapabilities: Unsupported mime audio/x-lg-flac
01-23 06:46:00.577 22267-22267/com.huza.carrot_and_stick I/Ads: Starting ad request.
01-23 06:46:00.579 22267-22267/com.huza.carrot_and_stick I/Ads: Use AdRequest.Builder.addTestDevice("6FC5B2D71D969C032763CB1DBFFA1FCD") to get test ads on this device.
01-23 06:46:00.668 22267-22373/com.huza.carrot_and_stick W/AudioCapabilities: Unsupported mime audio/adpcm
01-23 06:46:00.672 22267-22373/com.huza.carrot_and_stick W/AudioCapabilities: Unsupported mime audio/g726
01-23 06:46:00.677 22267-22373/com.huza.carrot_and_stick W/AudioCapabilities: Unsupported mime audio/eac3
01-23 06:46:00.683 22267-22373/com.huza.carrot_and_stick W/AudioCapabilities: Unsupported mime audio/ac3
01-23 06:46:00.687 22267-22373/com.huza.carrot_and_stick W/AudioCapabilities: Unsupported mime audio/lg-wma-voice
01-23 06:46:00.691 22267-22373/com.huza.carrot_and_stick W/AudioCapabilities: Unsupported mime audio/x-lg-ms-wma
01-23 06:46:00.692 22267-22373/com.huza.carrot_and_stick W/VideoCapabilities: Unsupported mime video/theora
01-23 06:46:00.696 22267-22373/com.huza.carrot_and_stick W/VideoCapabilities: Unsupported mime video/mjpg
01-23 06:46:00.699 22267-22373/com.huza.carrot_and_stick W/AudioCapabilities: Unsupported mime audio/x-lg-alac
01-23 06:46:00.700 22267-22373/com.huza.carrot_and_stick W/AudioCapabilities: Unsupported mime audio/MUSICAM
01-23 06:46:00.701 22267-22373/com.huza.carrot_and_stick W/AudioCapabilities: Unsupported mime audio/bsac
01-23 06:46:00.724 22267-22373/com.huza.carrot_and_stick W/VideoCapabilities: Unrecognized profile 2130706433 for video/avc
01-23 06:46:00.746 22267-22373/com.huza.carrot_and_stick W/VideoCapabilities: Unsupported mime video/x-ms-wmv
01-23 06:46:00.747 22267-22373/com.huza.carrot_and_stick W/VideoCapabilities: Unsupported mime video/x-ms-wmv
01-23 06:46:00.749 22267-22373/com.huza.carrot_and_stick W/VideoCapabilities: Unsupported mime video/divx
01-23 06:46:00.751 22267-22373/com.huza.carrot_and_stick W/VideoCapabilities: Unsupported mime video/divx4
01-23 06:46:00.761 22267-22373/com.huza.carrot_and_stick W/VideoCapabilities: Unsupported mime video/mp4v-esdp
01-23 06:46:00.779 22267-22373/com.huza.carrot_and_stick I/VideoCapabilities: Unsupported profile 4 for video/mp4v-es
01-23 06:46:00.814 22267-22267/com.huza.carrot_and_stick D/Carrot_and_Stick: AlwaysOnTop : onSystemUiVisibilityChange1 : 4354
01-23 06:46:00.827 22267-22392/com.huza.carrot_and_stick D/OpenGLRenderer: Use EGL_SWAP_BEHAVIOR_PRESERVED: true
01-23 06:46:00.835 1375-1389/? I/SystemUI[Framework]: PhoneWindowManager.updateSystemUiVisibilityLw() :visibility=0x8000, pkg=com.huza.carrot_and_stick
01-23 06:46:00.836 1375-3285/? D/InputDispatcher: Focus entered window: Window{e5b5f0d u0 com.huza.carrot_and_stick}
01-23 06:46:00.836 1375-1389/? D/StatusBarManagerServiceEx: manageNaviBtnDisableList userId=0 what=0x0 pkg=Window{e5b5f0d u0 com.huza.carrot_and_stick}
01-23 06:46:00.836 1375-1389/? I/SystemUI[Framework]: ==>disabledNaviBtn() what=0x0, token=android.os.Binder@47a1a22,  pkg=Window{e5b5f0d u0 com.huza.carrot_and_stick}
01-23 06:46:00.848 22267-22267/com.huza.carrot_and_stick D/Carrot_and_Stick: AlwaysOnTop : onStartCommand
01-23 06:46:00.850 22267-22267/com.huza.carrot_and_stick D/Carrot_and_Stick: AlwaysOnTop : onStartCommand : startForeground 호출!!!
01-23 06:46:00.863 22267-22267/com.huza.carrot_and_stick D/Carrot_and_Stick: ServiceCreditTicker : MESSAGE : sendMessage = true : 501
01-23 06:46:00.863 22267-22267/com.huza.carrot_and_stick E/ActivityThread: Service com.huza.carrot_and_stick.ServiceCreditTicker has leaked ServiceConnection com.huza.carrot_and_stick.ServiceCreditTicker$2@e881817 that was originally bound here
                                                                           android.app.ServiceConnectionLeaked: Service com.huza.carrot_and_stick.ServiceCreditTicker has leaked ServiceConnection com.huza.carrot_and_stick.ServiceCreditTicker$2@e881817 that was originally bound here
                                                                               at android.app.LoadedApk$ServiceDispatcher.<init>(LoadedApk.java:1136)
                                                                               at android.app.LoadedApk.getServiceDispatcher(LoadedApk.java:1030)
