                                                                               at android.app.ContextImpl.bindServiceCommon(ContextImpl.java:1312)
                                                                               at android.app.ContextImpl.bindService(ContextImpl.java:1295)
                                                                               at android.content.ContextWrapper.bindService(ContextWrapper.java:604)
                                                                               at com.huza.carrot_and_stick.ServiceCreditTicker.onCreate(ServiceCreditTicker.java:54)
                                                                               at android.app.ActivityThread.handleCreateService(ActivityThread.java:2895)
                                                                               at android.app.ActivityThread.access$1900(ActivityThread.java:157)
                                                                               at android.app.ActivityThread$H.handleMessage(ActivityThread.java:1439)
                                                                               at android.os.Handler.dispatchMessage(Handler.java:102)
                                                                               at android.os.Looper.loop(Looper.java:148)
                                                                               at android.app.ActivityThread.main(ActivityThread.java:5551)
                                                                               at java.lang.reflect.Method.invoke(Native Method)
                                                                               at com.android.internal.os.ZygoteInit$MethodAndArgsCaller.run(ZygoteInit.java:730)
                                                                               at com.android.internal.os.ZygoteInit.main(ZygoteInit.java:620)
01-23 06:46:00.865 22267-22267/com.huza.carrot_and_stick D/Carrot_and_Stick: AlwaysOnTop : MESSAGE : sendMessage = true : -1
01-23 06:46:00.865 22267-22267/com.huza.carrot_and_stick D/Carrot_and_Stick: AlwaysOnTop : MESSAGE : true : 1
01-23 06:46:00.865 22267-22267/com.huza.carrot_and_stick D/Carrot_and_Stick: AlwaysOnTop : MESSAGE : sender_unit started 101 | Bundle[{}]
01-23 06:46:00.865 22267-22267/com.huza.carrot_and_stick D/Carrot_and_Stick: AlwaysOnTop : MESSAGE : sender_unit started -1 | Bundle[{}]
01-23 06:46:00.865 22267-22267/com.huza.carrot_and_stick I/Choreographer: Skipped 67 frames!  The application may be doing too much work on its main thread.
01-23 06:46:00.887 22267-22267/com.huza.carrot_and_stick D/Carrot_and_Stick: AlwaysOnTop : AOTAdapter : instantiating : 1
01-23 06:46:00.981 22267-22267/com.huza.carrot_and_stick D/Carrot_and_Stick: SlidingLayout : init called
01-23 06:46:01.018 22267-22267/com.huza.carrot_and_stick D/Carrot_and_Stick: AlwaysOnTop : AOTAdapter : elevation adopted!!
01-23 06:46:01.020 22267-22267/com.huza.carrot_and_stick D/Carrot_and_Stick: AlwaysOnTop : AOTAdapter : instantiateItem : 1(main)
01-23 06:46:01.021 22267-22267/com.huza.carrot_and_stick D/Carrot_and_Stick: SlidingLayout : phoneStateListener1 : -1 | -1275068417 = false | false | false
01-23 06:46:01.021 22267-22267/com.huza.carrot_and_stick D/Carrot_and_Stick: AlwaysOnTop : AOTAdapter : instantiating : 0
01-23 06:46:01.024 22267-22267/com.huza.carrot_and_stick D/Carrot_and_Stick: AlwaysOnTop : AOTAdapter : elevation adopted!!
01-23 06:46:01.025 22267-22267/com.huza.carrot_and_stick D/Carrot_and_Stick: AlwaysOnTop : AOTAdapter : instantiateItem : 0(setting)
01-23 06:46:01.035 22267-22267/com.huza.carrot_and_stick D/Carrot_and_Stick: AlwaysOnTop : AOTAdapter : setting initialized
01-23 06:46:01.035 22267-22267/com.huza.carrot_and_stick D/Carrot_and_Stick: AlwaysOnTop : AOTAdapter : instantiating : 2
01-23 06:46:01.037 22267-22267/com.huza.carrot_and_stick D/Carrot_and_Stick: AlwaysOnTop : AOTAdapter : elevation adopted!!
01-23 06:46:01.038 22267-22267/com.huza.carrot_and_stick D/Carrot_and_Stick: AlwaysOnTop : AOTAdapter : instantiateItem : 2(history)
01-23 06:46:01.040 22267-22267/com.huza.carrot_and_stick D/Carrot_and_Stick: AlwaysOnTop : AOTAdapter : history initialized
01-23 06:46:01.062 1375-1389/? I/SystemUI[Framework]: PhoneWindowManager.updateSystemUiVisibilityLw() :visibility=0x9102, pkg=com.huza.carrot_and_stick
01-23 06:46:01.063 1375-1389/? D/StatusBarManagerServiceEx: manageNaviBtnDisableList userId=0 what=0x0 pkg=Window{e5b5f0d u0 com.huza.carrot_and_stick}
01-23 06:46:01.063 1375-1389/? I/SystemUI[Framework]: ==>disabledNaviBtn() what=0x0, token=android.os.Binder@47a1a22,  pkg=Window{e5b5f0d u0 com.huza.carrot_and_stick}
01-23 06:46:01.074 22267-22392/com.huza.carrot_and_stick I/OpenGLRenderer: Initialized EGL, version 1.4
01-23 06:46:01.111 22267-22267/com.huza.carrot_and_stick D/Carrot_and_Stick: SlidingLayout : onSizeChanged
01-23 06:46:01.115 22267-22267/com.huza.carrot_and_stick D/Carrot_and_Stick: SettingAdapter : 0 : !Switch
01-23 06:46:01.127 22267-22267/com.huza.carrot_and_stick D/Carrot_and_Stick: SettingAdapter : OnCheckedChangeListener | 알림영역 새로고침
01-23 06:46:01.127 22267-22267/com.huza.carrot_and_stick D/Carrot_and_Stick: SettingAdapter : initialized item : 0
01-23 06:46:01.138 22267-22267/com.huza.carrot_and_stick D/Carrot_and_Stick: SettingAdapter : 1 : Switch
01-23 06:46:01.140 22267-22267/com.huza.carrot_and_stick D/Carrot_and_Stick: SettingAdapter : initialized item : 1
01-23 06:46:01.148 22267-22267/com.huza.carrot_and_stick D/Carrot_and_Stick: SettingAdapter : 2 : Switch
01-23 06:46:01.149 22267-22267/com.huza.carrot_and_stick D/Carrot_and_Stick: SettingAdapter : initialized item : 2
01-23 06:46:01.155 22267-22267/com.huza.carrot_and_stick D/Carrot_and_Stick: SettingAdapter : 3 : !Switch
01-23 06:46:01.156 22267-22267/com.huza.carrot_and_stick D/Carrot_and_Stick: SettingAdapter : OnCheckedChangeListener | Credit 변화효과
01-23 06:46:01.156 22267-22267/com.huza.carrot_and_stick D/Carrot_and_Stick: SettingAdapter : initialized item : 3
01-23 06:46:01.164 22267-22267/com.huza.carrot_and_stick D/Carrot_and_Stick: SettingAdapter : 4 : Button
01-23 06:46:01.164 22267-22267/com.huza.carrot_and_stick D/Carrot_and_Stick: SettingAdapter : initialized item : 4
01-23 06:46:01.178 22267-22267/com.huza.carrot_and_stick D/Carrot_and_Stick: SettingAdapter : 5 : Button
01-23 06:46:01.179 22267-22267/com.huza.carrot_and_stick D/Carrot_and_Stick: SettingAdapter : initialized item : 5
01-23 06:46:01.189 22267-22398/com.huza.carrot_and_stick D/ConnectivityManager.CallbackHandler: CM callback handler got msg 524290
01-23 06:46:01.192 22267-22398/com.huza.carrot_and_stick D/ConnectivityManager.CallbackHandler: CM callback handler got msg 524290
01-23 06:46:01.202 22267-22267/com.huza.carrot_and_stick D/Carrot_and_Stick: ServiceBackground : MESSAGE : BackgroundIncomingHandler = 501
01-23 06:46:01.202 22267-22267/com.huza.carrot_and_stick D/Carrot_and_Stick: ServiceBackground : MESSAGE : BackgroundIncomingHandler : Ticker connected
01-23 06:46:01.202 22267-22336/com.huza.carrot_and_stick V/FA: Processing queued up service tasks: 1
01-23 06:46:01.204 22267-22267/com.huza.carrot_and_stick D/Carrot_and_Stick: ServiceBackground : mConnection_AoT : connected
01-23 06:46:01.204 22267-22267/com.huza.carrot_and_stick D/Carrot_and_Stick: ServiceBackground : MESSAGE : sendMessage0 = true : -1 | null : lets_stop_thisloop = false
01-23 06:46:01.204 22267-22267/com.huza.carrot_and_stick D/Carrot_and_Stick: ServiceBackground : MESSAGE : true0 : 1
01-23 06:46:01.205 22267-22267/com.huza.carrot_and_stick D/Carrot_and_Stick: ServiceBackground : MESSAGE : sender_unit started 0 : 151 | Bundle[{call_number=, extra_data=0}]
01-23 06:46:01.205 22267-22267/com.huza.carrot_and_stick D/Carrot_and_Stick: ServiceBackground : MESSAGE : sender_unit started 0 : -1 | Bundle[{}]
01-23 06:46:01.205 22267-22267/com.huza.carrot_and_stick D/Carrot_and_Stick: ServiceBackground : MESSAGE : BackgroundIncomingHandler = 101
01-23 06:46:01.205 22267-22267/com.huza.carrot_and_stick D/Carrot_and_Stick: ServiceBackground : MESSAGE : BackgroundIncomingHandler : AoT connected
01-23 06:46:01.206 22267-22267/com.huza.carrot_and_stick D/Carrot_and_Stick: ServiceBackground : MESSAGE : sendMessage0 = true : 100 | null : lets_stop_thisloop = false
01-23 06:46:01.206 22267-22267/com.huza.carrot_and_stick D/Carrot_and_Stick: ServiceBackground : MESSAGE : true0 : 0
01-23 06:46:01.206 22267-22267/com.huza.carrot_and_stick D/Carrot_and_Stick: ServiceBackground : MESSAGE : sender_unit started 0 : 100 | Bundle[{}]
01-23 06:46:01.206 22267-22267/com.huza.carrot_and_stick D/Carrot_and_Stick: ServiceBackground : MESSAGE : BackgroundIncomingHandler = -1
01-23 06:46:01.287 22267-22267/com.huza.carrot_and_stick D/Carrot_and_Stick: AlwaysOnTop : onSystemUiVisibilityChange_listen : 2
01-23 06:46:01.287 22267-22267/com.huza.carrot_and_stick D/Carrot_and_Stick: SlidingLayout : height : 757
01-23 06:46:01.287 22267-22267/com.huza.carrot_and_stick D/Carrot_and_Stick: SlidingLayout : width : 1140
01-23 06:46:01.288 22267-22267/com.huza.carrot_and_stick D/Carrot_and_Stick: ServiceCreditTicker 생성
01-23 06:46:01.289 22267-22267/com.huza.carrot_and_stick D/Carrot_and_Stick: ServiceCreditTicker : MESSAGE : sendMessage = false : 501
01-23 06:46:01.292 22267-22267/com.huza.carrot_and_stick D/Carrot_and_Stick: AlwaysOnTop : MESSAGE : BackgroundIncomingHandler = 151
01-23 06:46:01.292 22267-22267/com.huza.carrot_and_stick D/Carrot_and_Stick: SlidingLayout : phoneStateListener : isAllInitialized : false
01-23 06:46:01.292 22267-22267/com.huza.carrot_and_stick D/Carrot_and_Stick: AlwaysOnTop : MESSAGE : onCallStateChanged | aot_custom_slidinglayout's components are not initialized
01-23 06:46:01.292 22267-22267/com.huza.carrot_and_stick D/Carrot_and_Stick: AlwaysOnTop : MESSAGE : sendMessage = true : 999
01-23 06:46:01.292 22267-22267/com.huza.carrot_and_stick D/Carrot_and_Stick: AlwaysOnTop : MESSAGE : true : 0
01-23 06:46:01.292 22267-22267/com.huza.carrot_and_stick D/Carrot_and_Stick: AlwaysOnTop : MESSAGE : sender_unit started 999 | Bundle[{extra_data=151}]
01-23 06:46:01.292 22267-22267/com.huza.carrot_and_stick D/Carrot_and_Stick: AlwaysOnTop : MESSAGE : BackgroundIncomingHandler = -1
01-23 06:46:01.292 22267-22267/com.huza.carrot_and_stick D/Carrot_and_Stick: AlwaysOnTop : MESSAGE : BackgroundIncomingHandler = 100
01-23 06:46:01.292 22267-22267/com.huza.carrot_and_stick D/Carrot_and_Stick: AlwaysOnTop : MESSAGE : BackgroundIncomingHandler : Background connected
01-23 06:46:01.292 22267-22267/com.huza.carrot_and_stick D/Carrot_and_Stick: AlwaysOnTop : MESSAGE : sendMessage = true : 102
01-23 06:46:01.292 22267-22267/com.huza.carrot_and_stick D/Carrot_and_Stick: AlwaysOnTop : MESSAGE : true : 0
01-23 06:46:01.292 22267-22267/com.huza.carrot_and_stick D/Carrot_and_Stick: AlwaysOnTop : MESSAGE : sender_unit started 102 | Bundle[{}]
01-23 06:46:01.292 22267-22267/com.huza.carrot_and_stick D/Carrot_and_Stick: AlwaysOnTop : MESSAGE : sendMessage = true : 103
01-23 06:46:01.292 22267-22267/com.huza.carrot_and_stick D/Carrot_and_Stick: AlwaysOnTop : MESSAGE : true : 0
01-23 06:46:01.292 22267-22267/com.huza.carrot_and_stick D/Carrot_and_Stick: AlwaysOnTop : MESSAGE : sender_unit started 103 | Bundle[{}]
01-23 06:46:01.292 22267-22267/com.huza.carrot_and_stick D/Carrot_and_Stick: AlwaysOnTop : MESSAGE : sendMessage = true : 104
01-23 06:46:01.292 22267-22267/com.huza.carrot_and_stick D/Carrot_and_Stick: AlwaysOnTop : MESSAGE : true : 0
01-23 06:46:01.292 22267-22267/com.huza.carrot_and_stick D/Carrot_and_Stick: AlwaysOnTop : MESSAGE : sender_unit started 104 | Bundle[{}]
01-23 06:46:01.292 22267-22267/com.huza.carrot_and_stick D/Carrot_and_Stick: AlwaysOnTop : MESSAGE : sendMessage = true : 151
01-23 06:46:01.292 22267-22267/com.huza.carrot_and_stick D/Carrot_and_Stick: AlwaysOnTop : MESSAGE : true : 0
01-23 06:46:01.292 22267-22267/com.huza.carrot_and_stick D/Carrot_and_Stick: AlwaysOnTop : MESSAGE : sender_unit started 151 | Bundle[{}]
01-23 06:46:01.292 22267-22267/com.huza.carrot_and_stick D/Carrot_and_Stick: SlidingLayout : post called | outgoing_NUMBER = !
01-23 06:46:01.295 22267-22267/com.huza.carrot_and_stick D/Carrot_and_Stick: SlidingLayout : height : 757
01-23 06:46:01.295 22267-22267/com.huza.carrot_and_stick D/Carrot_and_Stick: SlidingLayout : width : 1140
01-23 06:46:01.296 22267-22267/com.huza.carrot_and_stick D/Carrot_and_Stick: SlidingLayout : init 애니메이션 끝
01-23 06:46:01.325 22267-22267/com.huza.carrot_and_stick V/ViewRootImpl: Contents drawing finished : 
01-23 06:46:01.326 22267-22267/com.huza.carrot_and_stick D/Carrot_and_Stick: ServiceCreditTicker : MESSAGE : sendMessage = true : 501
01-23 06:46:01.326 22267-22267/com.huza.carrot_and_stick D/Carrot_and_Stick: ServiceBackground : MESSAGE : sendMessage1 = true : 499 : lets_stop_thisloop = false
01-23 06:46:01.326 22267-22267/com.huza.carrot_and_stick D/Carrot_and_Stick: ServiceBackground : MESSAGE : true1 : 0
01-23 06:46:01.326 22267-22267/com.huza.carrot_and_stick D/Carrot_and_Stick: ServiceBackground : MESSAGE : sender_unit started 1 : 499 | Bundle[{}]
01-23 06:46:01.327 22267-22267/com.huza.carrot_and_stick D/Carrot_and_Stick: ServiceBackground : MESSAGE : BackgroundIncomingHandler = 999
01-23 06:46:01.327 22267-22267/com.huza.carrot_and_stick D/Carrot_and_Stick: ServiceBackground : MESSAGE : sendMessage0 = false : 151 | null : lets_stop_thisloop = false
01-23 06:46:01.327 22267-22267/com.huza.carrot_and_stick D/Carrot_and_Stick: ServiceBackground : MESSAGE : add_to_message_queue!! : 151 : null
01-23 06:46:01.327 22267-22267/com.huza.carrot_and_stick D/Carrot_and_Stick: ServiceBackground : MESSAGE : add_to_message_queue!! : 1
01-23 06:46:01.328 22267-22267/com.huza.carrot_and_stick D/Carrot_and_Stick: ServiceBackground : MESSAGE : BackgroundIncomingHandler = 102
01-23 06:46:01.328 22267-22267/com.huza.carrot_and_stick D/Carrot_and_Stick: ServiceBackground : sendUserCredit : -1
01-23 06:46:01.328 22267-22267/com.huza.carrot_and_stick D/Carrot_and_Stick: ServiceBackground : MESSAGE : sendMessage0 = false : 999 | 102 : lets_stop_thisloop = false
01-23 06:46:01.328 22267-22267/com.huza.carrot_and_stick D/Carrot_and_Stick: ServiceBackground : MESSAGE : add_to_message_queue!! : 999 : 102
01-23 06:46:01.328 22267-22267/com.huza.carrot_and_stick D/Carrot_and_Stick: ServiceBackground : MESSAGE : add_to_message_queue!! : 2
01-23 06:46:01.330 22267-22267/com.huza.carrot_and_stick D/Carrot_and_Stick: ServiceBackground : MESSAGE : BackgroundIncomingHandler = 103
01-23 06:46:01.330 22267-22267/com.huza.carrot_and_stick D/Carrot_and_Stick: ServiceBackground : MESSAGE : BackgroundIncomingHandler = 104
01-23 06:46:01.330 22267-22267/com.huza.carrot_and_stick D/Carrot_and_Stick: ServiceBackground : sendHistory : -1
01-23 06:46:01.330 22267-22267/com.huza.carrot_and_stick D/Carrot_and_Stick: ServiceBackground : MESSAGE : sendMessage0 = false : 999 | 104 : lets_stop_thisloop = false
01-23 06:46:01.330 22267-22267/com.huza.carrot_and_stick D/Carrot_and_Stick: ServiceBackground : MESSAGE : add_to_message_queue!! : 999 : 104
01-23 06:46:01.330 22267-22267/com.huza.carrot_and_stick D/Carrot_and_Stick: ServiceBackground : MESSAGE : add_to_message_queue!! : 3
01-23 06:46:01.331 22267-22267/com.huza.carrot_and_stick D/Carrot_and_Stick: ServiceBackground : MESSAGE : BackgroundIncomingHandler = 151
01-23 06:46:01.331 22267-22267/com.huza.carrot_and_stick D/Carrot_and_Stick: ServiceBackground : sendUserCredit : -1
01-23 06:46:01.331 22267-22267/com.huza.carrot_and_stick D/Carrot_and_Stick: ServiceBackground : MESSAGE : sendMessage0 = false : 151 | 0 : lets_stop_thisloop = false
01-23 06:46:01.331 22267-22267/com.huza.carrot_and_stick D/Carrot_and_Stick: ServiceBackground : MESSAGE : add_to_message_queue!! : 151 : 0
01-23 06:46:01.331 22267-22267/com.huza.carrot_and_stick D/Carrot_and_Stick: ServiceBackground : MESSAGE : add_to_message_queue!! : 4
01-23 06:46:01.336 22267-22267/com.huza.carrot_and_stick D/Carrot_and_Stick: ServiceBackground : MESSAGE : BackgroundIncomingHandler = 501
01-23 06:46:01.336 22267-22267/com.huza.carrot_and_stick D/Carrot_and_Stick: ServiceBackground : MESSAGE : BackgroundIncomingHandler : Ticker connected
01-23 06:46:01.337 22267-22267/com.huza.carrot_and_stick D/Carrot_and_Stick: ServiceCreditTicker : MESSAGE : BackgroundIncomingHandler = 499
01-23 06:46:02.416 22267-22279/com.huza.carrot_and_stick W/Ads: There was a problem getting an ad response. ErrorCode: 0
01-23 06:46:02.435 22267-22267/com.huza.carrot_and_stick W/Ads: Failed to load ad: 0
01-23 06:46:02.436 22267-22267/com.huza.carrot_and_stick D/Carrot_and_Stick: ServiceAlwaysOnTop : AoT Banner : onAdFailedToLoad : 0
01-23 06:46:03.221 22267-22267/com.huza.carrot_and_stick D/Carrot_and_Stick: ServiceBackground : Init_firebase : log_init : size = 144
01-23 06:46:03.386 22267-22267/com.huza.carrot_and_stick D/Carrot_and_Stick: ServiceBackground : Init_firebase : user_credit init!!! : 86495
01-23 06:46:03.386 22267-22267/com.huza.carrot_and_stick D/Carrot_and_Stick: ServiceBackground : check_settle_up | not-found
01-23 06:46:07.315 22267-22267/com.huza.carrot_and_stick I/ViewRootImpl: ViewRoot's Touch Event : ACTION_DOWN
01-23 06:46:07.420 22267-22267/com.huza.carrot_and_stick I/ViewRootImpl: ViewRoot's Touch Event : ACTION_UP
01-23 06:46:08.509 22267-22267/com.huza.carrot_and_stick I/ViewRootImpl: ViewRoot's Touch Event : ACTION_DOWN
01-23 06:46:08.657 22267-22267/com.huza.carrot_and_stick I/ViewRootImpl: ViewRoot's Touch Event : ACTION_UP
01-23 06:46:08.667 22267-22267/com.huza.carrot_and_stick I/AudioManagerEx: AudioManagerEx created
01-23 06:46:08.668 22267-22267/com.huza.carrot_and_stick D/Carrot_and_Stick: SettingAdapter : OnClickListener | 어플리케이션 완전 종료
01-23 06:46:08.711 22267-22267/com.huza.carrot_and_stick D/Carrot_and_Stick: ReceiverStateListener : onReceive : MESSAGE : com.huza.carrot_and_stick.finally_close
01-23 06:46:08.711 22267-22267/com.huza.carrot_and_stick D/Carrot_and_Stick: ReceiverStateListener : MESSAGE : mContext = android.app.ReceiverRestrictedContext@af93704
01-23 06:46:08.711 22267-22267/com.huza.carrot_and_stick D/Carrot_and_Stick: ReceiverStateListener : MESSAGE : sendMessage = false : 99
01-23 06:46:08.763 22267-22267/com.huza.carrot_and_stick D/Carrot_and_Stick: ReceiverStateListener : onServiceConnected
01-23 06:46:08.763 22267-22267/com.huza.carrot_and_stick D/Carrot_and_Stick: ReceiverStateListener : MESSAGE : mContext = android.app.ReceiverRestrictedContext@af93704
01-23 06:46:08.763 22267-22267/com.huza.carrot_and_stick D/Carrot_and_Stick: ReceiverStateListener : MESSAGE : sendMessage = true : 99
01-23 06:46:08.764 22267-22267/com.huza.carrot_and_stick D/Carrot_and_Stick: ReceiverStateListener : onServiceDisconnected
01-23 06:46:08.786 22267-22267/com.huza.carrot_and_stick D/Carrot_and_Stick: ServiceBackground : MESSAGE : BackgroundIncomingHandler = 99
01-23 06:46:08.793 22267-22267/com.huza.carrot_and_stick D/Carrot_and_Stick: ServiceBackground : checkServiceRunning : com.huza.carrot_and_stick.ServiceCreditTicker = found!!!!
01-23 06:46:08.793 22267-22267/com.huza.carrot_and_stick D/Carrot_and_Stick: ServiceBackground : MESSAGE : sendMessage1 = true : 598 : lets_stop_thisloop = true
01-23 06:46:08.793 22267-22267/com.huza.carrot_and_stick D/Carrot_and_Stick: ServiceBackground : MESSAGE : true1 : 4
01-23 06:46:08.793 22267-22267/com.huza.carrot_and_stick D/Carrot_and_Stick: ServiceBackground : MESSAGE : MessageQueue Error!!!! what = 151
01-23 06:46:08.793 22267-22267/com.huza.carrot_and_stick D/Carrot_and_Stick: ServiceBackground : MESSAGE : sender_unit started 1 : 999 | Bundle[{extra_data=null}]
01-23 06:46:08.793 22267-22267/com.huza.carrot_and_stick D/Carrot_and_Stick: ServiceBackground : MESSAGE : sender_unit started 1 : 999 | Bundle[{extra_data=null}]
01-23 06:46:08.793 22267-22267/com.huza.carrot_and_stick D/Carrot_and_Stick: ServiceBackground : MESSAGE : MessageQueue Error!!!! what = 151
01-23 06:46:08.793 22267-22267/com.huza.carrot_and_stick D/Carrot_and_Stick: ServiceBackground : MESSAGE : sender_unit started 1 : 598 | Bundle[{}]
01-23 06:46:08.797 22267-22267/com.huza.carrot_and_stick D/Carrot_and_Stick: ServiceBackground : mConnection_Ticker : disconnected
01-23 06:46:08.806 22267-22267/com.huza.carrot_and_stick D/Carrot_and_Stick: ServiceBackground : checkServiceRunning : com.huza.carrot_and_stick.ServiceAlwaysOnTop = found!!!!
01-23 06:46:08.806 22267-22267/com.huza.carrot_and_stick D/Carrot_and_Stick: ServiceBackground : MESSAGE : sendMessage0 = false : 198 | null : lets_stop_thisloop = true
01-23 06:46:08.806 22267-22267/com.huza.carrot_and_stick D/Carrot_and_Stick: ServiceBackground : MESSAGE : add_to_message_queue!! : 198 : null
01-23 06:46:08.806 22267-22267/com.huza.carrot_and_stick D/Carrot_and_Stick: ServiceBackground : MESSAGE : add_to_message_queue!! : 1
01-23 06:46:08.824 22267-22267/com.huza.carrot_and_stick V/ViewRootImpl: Contents drawing finished : Toast
01-23 06:46:08.825 22267-22267/com.huza.carrot_and_stick D/Carrot_and_Stick: ServiceCreditTicker : MESSAGE : BackgroundIncomingHandler = 999
01-23 06:46:08.825 22267-22267/com.huza.carrot_and_stick D/Carrot_and_Stick: ServiceCreditTicker : MESSAGE : BackgroundIncomingHandler = 999
01-23 06:46:08.825 22267-22267/com.huza.carrot_and_stick D/Carrot_and_Stick: ServiceCreditTicker : MESSAGE : BackgroundIncomingHandler = 598
01-23 06:46:08.825 22267-22267/com.huza.carrot_and_stick D/Carrot_and_Stick: ServiceCreditTicker : MESSAGE : sendMessage = true : 599
01-23 06:46:08.827 22267-22267/com.huza.carrot_and_stick D/Carrot_and_Stick: ServiceCreditTicker 소멸
01-23 06:46:08.827 22267-22267/com.huza.carrot_and_stick D/Carrot_and_Stick: ServiceCreditTicker : onDestroy : notification을 삭제합니다
01-23 06:46:08.839 22267-22267/com.huza.carrot_and_stick D/AndroidRuntime: Shutting down VM
01-23 06:46:08.840 22267-22267/com.huza.carrot_and_stick E/UncaughtException: java.lang.RuntimeException: Unable to stop service com.huza.carrot_and_stick.ServiceCreditTicker@c54802f: java.lang.NullPointerException: Attempt to invoke interface method 'int android.content.SharedPreferences.getInt(java.lang.String, int)' on a null object reference
                                                                                  at android.app.ActivityThread.handleStopService(ActivityThread.java:3077)
                                                                                  at android.app.ActivityThread.access$2300(ActivityThread.java:157)
                                                                                  at android.app.ActivityThread$H.handleMessage(ActivityThread.java:1459)
                                                                                  at android.os.Handler.dispatchMessage(Handler.java:102)
                                                                                  at android.os.Looper.loop(Looper.java:148)
                                                                                  at android.app.ActivityThread.main(ActivityThread.java:5551)
                                                                                  at java.lang.reflect.Method.invoke(Native Method)
                                                                                  at com.android.internal.os.ZygoteInit$MethodAndArgsCaller.run(ZygoteInit.java:730)
                                                                                  at com.android.internal.os.ZygoteInit.main(ZygoteInit.java:620)
                                                                               Caused by: java.lang.NullPointerException: Attempt to invoke interface method 'int android.content.SharedPreferences.getInt(java.lang.String, int)' on a null object reference
                                                                                  at com.huza.carrot_and_stick.ServiceCreditTicker.onDestroy(ServiceCreditTicker.java:71)
                                                                                  at android.app.ActivityThread.handleStopService(ActivityThread.java:3058)
                                                                                  at android.app.ActivityThread.access$2300(ActivityThread.java:157) 
                                                                                  at android.app.ActivityThread$H.handleMessage(ActivityThread.java:1459) 
                                                                                  at android.os.Handler.dispatchMessage(Handler.java:102) 
                                                                                  at android.os.Looper.loop(Looper.java:148) 
                                                                                  at android.app.ActivityThread.main(ActivityThread.java:5551) 
                                                                                  at java.lang.reflect.Method.invoke(Native Method) 
                                                                                  at com.android.internal.os.ZygoteInit$MethodAndArgsCaller.run(ZygoteInit.java:730) 
                                                                                  at com.android.internal.os.ZygoteInit.main(ZygoteInit.java:620) 
01-23 06:46:08.846 22267-22336/com.huza.carrot_and_stick I/FA: Tag Manager is not found and thus will not be used
01-23 06:46:08.853 22267-22336/com.huza.carrot_and_stick D/FA: Logging event (FE): _ae, Bundle[{_o=crash, timestamp=1485121568841, fatal=1}]
01-23 06:46:08.869 22267-22336/com.huza.carrot_and_stick V/FA: Using measurement service
01-23 06:46:08.870 22267-22336/com.huza.carrot_and_stick V/FA: Connecting to remote service
01-23 06:46:09.127 22267-22267/com.huza.carrot_and_stick E/AndroidRuntime: FATAL EXCEPTION: main
                                                                           Process: com.huza.carrot_and_stick, PID: 22267
                                                                           java.lang.RuntimeException: Unable to stop service com.huza.carrot_and_stick.ServiceCreditTicker@c54802f: java.lang.NullPointerException: Attempt to invoke interface method 'int android.content.SharedPreferences.getInt(java.lang.String, int)' on a null object reference
                                                                               at android.app.ActivityThread.handleStopService(ActivityThread.java:3077)
                                                                               at android.app.ActivityThread.access$2300(ActivityThread.java:157)
                                                                               at android.app.ActivityThread$H.handleMessage(ActivityThread.java:1459)
                                                                               at android.os.Handler.dispatchMessage(Handler.java:102)
                                                                               at android.os.Looper.loop(Looper.java:148)
                                                                               at android.app.ActivityThread.main(ActivityThread.java:5551)
                                                                               at java.lang.reflect.Method.invoke(Native Method)
                                                                               at com.android.internal.os.ZygoteInit$MethodAndArgsCaller.run(ZygoteInit.java:730)
                                                                               at com.android.internal.os.ZygoteInit.main(ZygoteInit.java:620)
                                                                            Caused by: java.lang.NullPointerException: Attempt to invoke interface method 'int android.content.SharedPreferences.getInt(java.lang.String, int)' on a null object reference
                                                                               at com.huza.carrot_and_stick.ServiceCreditTicker.onDestroy(ServiceCreditTicker.java:71)
                                                                               at android.app.ActivityThread.handleStopService(ActivityThread.java:3058)
                                                                               at android.app.ActivityThread.access$2300(ActivityThread.java:157) 
                                                                               at android.app.ActivityThread$H.handleMessage(ActivityThread.java:1459) 
                                                                               at android.os.Handler.dispatchMessage(Handler.java:102) 
                                                                               at android.os.Looper.loop(Looper.java:148) 
                                                                               at android.app.ActivityThread.main(ActivityThread.java:5551) 
                                                                               at java.lang.reflect.Method.invoke(Native Method) 
                                                                               at com.android.internal.os.ZygoteInit$MethodAndArgsCaller.run(ZygoteInit.java:730) 
                                                                               at com.android.internal.os.ZygoteInit.main(ZygoteInit.java:620) 
01-23 06:46:09.218 1375-1389/? D/InputDispatcher: Focus left window: Window{e5b5f0d u0 com.huza.carrot_and_stick}
01-23 06:46:09.219 1375-1389/? D/InputDispatcher: Focus entered window: Window{c05a89 u0 Application Error: com.huza.carrot_and_stick}
01-23 06:46:09.297 1375-1389/? D/StatusBarManagerServiceEx: manageNaviBtnDisableList userId=0 what=0x0 pkg=Window{c05a89 u0 Application Error: com.huza.carrot_and_stick}
01-23 06:46:09.297 1375-1389/? I/SystemUI[Framework]: ==>disabledNaviBtn() what=0x0, token=android.os.Binder@47a1a22,  pkg=Window{c05a89 u0 Application Error: com.huza.carrot_and_stick}
01-23 06:46:09.363 1375-1389/? V/ViewRootImpl: Contents drawing finished : Application Error: com.huza.carrot_and_stick
01-23 06:46:09.491 22267-22331/com.huza.carrot_and_stick W/DynamiteModule: Local module descriptor class for com.google.firebase.auth not found.
01-23 06:49:28.820 1375-1388/? W/ActivityManager: Timeout executing service: ServiceRecord{a42441a u0 com.huza.carrot_and_stick/.ServiceCreditTicker}
01-23 06:49:28.935 1375-1388/? I/ActivityManager: Crashing app skipping ANR: ProcessRecord{2211d4d 22267:com.huza.carrot_and_stick/u0a300} executing service com.huza.carrot_and_stick/.ServiceCreditTicker
01-23 06:51:09.163 22267-22267/com.huza.carrot_and_stick I/Process: Sending signal. PID: 22267 SIG: 9
01-23 06:51:09.201 1375-1389/? D/InputDispatcher: Focus left window: Window{c05a89 u0 Application Error: com.huza.carrot_and_stick}
01-23 06:51:09.201 1375-1389/? D/InputDispatcher: Focus entered window: Window{e5b5f0d u0 com.huza.carrot_and_stick}
01-23 06:51:09.201 1375-1389/? D/InputDispatcher: Window went away: Window{c05a89 u0 Application Error: com.huza.carrot_and_stick}
01-23 06:51:09.202 1375-1389/? I/SystemUI[Framework]: PhoneWindowManager.updateSystemUiVisibilityLw() :visibility=0x9100, pkg=com.huza.carrot_and_stick
01-23 06:51:09.203 1375-1389/? D/StatusBarManagerServiceEx: manageNaviBtnDisableList userId=0 what=0x0 pkg=Window{e5b5f0d u0 com.huza.carrot_and_stick}
01-23 06:51:09.203 1375-1389/? I/SystemUI[Framework]: ==>disabledNaviBtn() what=0x0, token=android.os.Binder@47a1a22,  pkg=Window{e5b5f0d u0 com.huza.carrot_and_stick}
01-23 06:51:09.227 1375-1385/? I/ActivityManager: Process com.huza.carrot_and_stick (pid 22267) has died
01-23 06:51:09.229 1375-1385/? W/ActivityManager: Scheduling restart of crashed service com.huza.carrot_and_stick/.ServiceAlwaysOnTop in 1000ms
01-23 06:51:09.241 1375-1386/? I/WindowState: WIN DEATH: Window{e5b5f0d u0 com.huza.carrot_and_stick}
01-23 06:51:09.246 1375-1386/? D/InputDispatcher: Focus left window: Window{e5b5f0d u0 com.huza.carrot_and_stick}
01-23 06:51:09.246 1375-1386/? D/InputDispatcher: Window went away: Window{e5b5f0d u0 com.huza.carrot_and_stick}
01-23 06:51:10.281 1375-1388/? I/ActivityManager: Start proc 26456:com.huza.carrot_and_stick/u0a300 for service com.huza.carrot_and_stick/.ServiceAlwaysOnTop
01-23 06:51:10.349 26456-26456/com.huza.carrot_and_stick W/System: ClassLoader referenced unknown path: /data/app/com.huza.carrot_and_stick-2/lib/arm64
01-23 06:51:10.354 26456-26456/com.huza.carrot_and_stick I/InstantRun: Instant Run Runtime started. Android package is com.huza.carrot_and_stick, real application class is null.
01-23 06:51:10.858 26456-26456/com.huza.carrot_and_stick W/System: ClassLoader referenced unknown path: /data/app/com.huza.carrot_and_stick-2/lib/arm64
01-23 06:51:11.193 26456-26490/com.huza.carrot_and_stick W/DynamiteModule: Local module descriptor class for com.google.firebase.auth not found.
01-23 06:51:11.210 26456-26490/com.huza.carrot_and_stick W/DynamiteModule: Local module descriptor class for com.google.firebase.auth not found.
01-23 06:51:11.287 26456-26456/com.huza.carrot_and_stick I/DynamiteModule: Considering local module com.google.android.gms.flags:2 and remote module com.google.android.gms.flags:0
01-23 06:51:11.287 26456-26456/com.huza.carrot_and_stick I/DynamiteModule: Selected local version of com.google.android.gms.flags
01-23 06:51:11.299 26456-26456/com.huza.carrot_and_stick W/DynamiteModule: Local module descriptor class for com.google.android.gms.crash not found.
01-23 06:51:11.307 26456-26456/com.huza.carrot_and_stick I/DynamiteModule: Considering local module com.google.android.gms.crash:0 and remote module com.google.android.gms.crash:4
01-23 06:51:11.307 26456-26456/com.huza.carrot_and_stick I/DynamiteModule: Selected remote version of com.google.android.gms.crash, version >= 4
01-23 06:51:11.330 26456-26456/com.huza.carrot_and_stick W/System: ClassLoader referenced unknown path: /data/user/0/com.google.android.gms/app_chimera/m/0000000f/n/arm64-v8a
01-23 06:51:11.361 26456-26456/com.huza.carrot_and_stick I/FirebaseCrashApiImpl: FirebaseCrashApiImpl created by ClassLoader m[DexPathList[[zip file "/data/data/com.google.android.gms/app_chimera/m/0000000f/DynamiteModulesC_GmsCore_prodmnc_alldpi_release.apk"],nativeLibraryDirectories=[/data/user/0/com.google.android.gms/app_chimera/m/0000000f/n/arm64-v8a, /vendor/lib64, /system/lib64]]]
01-23 06:51:11.408 26456-26456/com.huza.carrot_and_stick I/DynamiteModule: Considering local module com.google.android.gms.flags:2 and remote module com.google.android.gms.flags:0
01-23 06:51:11.408 26456-26456/com.huza.carrot_and_stick I/DynamiteModule: Selected local version of com.google.android.gms.flags
01-23 06:51:11.421 26456-26456/com.huza.carrot_and_stick W/DynamiteModule: Local module descriptor class for com.google.android.gms.crash not found.
01-23 06:51:11.527 26456-26456/com.huza.carrot_and_stick I/FA: App measurement is starting up, version: 10084
01-23 06:51:11.527 26456-26456/com.huza.carrot_and_stick I/FA: To enable debug logging run: adb shell setprop log.tag.FA VERBOSE
01-23 06:51:11.527 26456-26456/com.huza.carrot_and_stick D/FA: Debug-level message logging enabled
01-23 06:51:11.527 26456-26456/com.huza.carrot_and_stick D/FA: AppMeasurement singleton hash: 26715360
01-23 06:51:11.543 26456-26456/com.huza.carrot_and_stick V/FA: Collection enabled
01-23 06:51:11.544 26456-26456/com.huza.carrot_and_stick V/FA: App package, google app id: com.huza.carrot_and_stick, 1:93332277132:android:35e9d5239b3d43c9
01-23 06:51:11.545 26456-26456/com.huza.carrot_and_stick I/FA: To enable faster debug mode event logging run:
                                                                 adb shell setprop debug.firebase.analytics.app com.huza.carrot_and_stick
01-23 06:51:11.621 26456-26456/com.huza.carrot_and_stick V/FA: Registered activity lifecycle callback
01-23 06:51:11.623 26456-26456/com.huza.carrot_and_stick I/FirebaseCrash: FirebaseCrash reporting initialized com.google.android.gms.internal.zzbks@bb95ca
01-23 06:51:11.623 26456-26456/com.huza.carrot_and_stick I/FirebaseInitProvider: FirebaseApp initialization successful
01-23 06:51:11.629 26456-26503/com.huza.carrot_and_stick V/FA: Using measurement service
01-23 06:51:11.630 26456-26503/com.huza.carrot_and_stick V/FA: Connecting to remote service
01-23 06:51:11.733 26456-26456/com.huza.carrot_and_stick D/Carrot_and_Stick: ServiceAlwaysOnTop 생성
01-23 06:51:11.733 26456-26456/com.huza.carrot_and_stick D/Carrot_and_Stick: ServiceAlwaysOnTop : onCreate
01-23 06:51:11.743 26456-26456/com.huza.carrot_and_stick D/Carrot_and_Stick: AlwaysOnTop : MESSAGE : sendMessage = false : 101
01-23 06:51:11.743 26456-26456/com.huza.carrot_and_stick D/Carrot_and_Stick: AlwaysOnTop : MESSAGE : add_to_message_queue!! : 101 : null
01-23 06:51:11.743 26456-26456/com.huza.carrot_and_stick D/Carrot_and_Stick: AlwaysOnTop : MESSAGE : add_to_message_queue!! : 1
01-23 06:51:11.745 26456-26456/com.huza.carrot_and_stick W/ResourceType: Invalid package identifier when getting bag for resource number 0x00000451
01-23 06:51:12.178 26456-26456/com.huza.carrot_and_stick D/DynamitePackage: Instantiated singleton DynamitePackage.
01-23 06:51:12.179 26456-26456/com.huza.carrot_and_stick D/DynamitePackage: Instantiating com.google.android.gms.ads.ChimeraMobileAdsSettingManagerCreatorImpl
01-23 06:51:12.277 26456-26456/com.huza.carrot_and_stick I/WebViewFactory: Loading com.google.android.webview version 55.0.2883.91 (code 288309150)
01-23 06:51:12.379 26456-26456/com.huza.carrot_and_stick I/art: Rejecting re-init on previously-failed class java.lang.Class<com.android.webview.chromium.TokenBindingManagerAdapter>
01-23 06:51:12.380 26456-26456/com.huza.carrot_and_stick I/art: Rejecting re-init on previously-failed class java.lang.Class<com.android.webview.chromium.TokenBindingManagerAdapter>
01-23 06:51:12.386 26456-26456/com.huza.carrot_and_stick I/art: Rejecting re-init on previously-failed class java.lang.Class<com.android.webview.chromium.ServiceWorkerControllerAdapter>
01-23 06:51:12.387 26456-26456/com.huza.carrot_and_stick I/art: Rejecting re-init on previously-failed class java.lang.Class<com.android.webview.chromium.ServiceWorkerControllerAdapter>
01-23 06:51:12.406 26456-26456/com.huza.carrot_and_stick I/cr_LibraryLoader: Time to load native libraries: 6 ms (timestamps 84-90)
01-23 06:51:12.406 26456-26456/com.huza.carrot_and_stick I/cr_LibraryLoader: Expected native library version number "55.0.2883.91", actual native library version number "55.0.2883.91"
01-23 06:51:12.422 26456-26456/com.huza.carrot_and_stick I/cr_LibraryLoader: Expected native library version number "55.0.2883.91", actual native library version number "55.0.2883.91"
01-23 06:51:12.422 26456-26456/com.huza.carrot_and_stick I/chromium: [INFO:library_loader_hooks.cc(163)] Chromium logging enabled: level = 0, default verbosity = 0
01-23 06:51:12.443 26456-26456/com.huza.carrot_and_stick I/cr_BrowserStartup: Initializing chromium process, singleProcess=true
01-23 06:51:12.483 26456-26456/com.huza.carrot_and_stick I/Adreno: QUALCOMM build                   : 22c3615, Ib683e2651b
                                                                   Build Date                       : 01/30/16
                                                                   OpenGL ES Shader Compiler Version: XE031.06.00.02
                                                                   Local Branch                     : 
                                                                   Remote Branch                    : refs/tags/AU_LINUX_ANDROID_LA.BF64.1.2.2_RB4.06.00.01.180.022
                                                                   Remote Branch                    : NONE
                                                                   Reconstruct Branch               : NOTHING
01-23 06:51:12.604 26456-26456/com.huza.carrot_and_stick I/AudioManagerEx: AudioManagerEx created
01-23 06:51:12.604 26456-26456/com.huza.carrot_and_stick D/AudioManager: getMode name:com.huza.carrot_and_stick
01-23 06:51:12.656 26456-26456/com.huza.carrot_and_stick D/DynamitePackage: Instantiating com.google.android.gms.ads.ChimeraAdManagerCreatorImpl
01-23 06:51:12.674 26456-26543/com.huza.carrot_and_stick I/DynamiteModule: Considering local module com.google.android.gms.piccard.dynamite:0 and remote module com.google.android.gms.piccard.dynamite:9
01-23 06:51:12.674 26456-26543/com.huza.carrot_and_stick I/DynamiteModule: Selected remote version of com.google.android.gms.piccard.dynamite, version >= 9
01-23 06:51:12.708 26456-26543/com.huza.carrot_and_stick W/AudioCapabilities: Unsupported mime audio/x-lg-flac
01-23 06:51:12.714 26456-26456/com.huza.carrot_and_stick I/Ads: Starting ad request.
01-23 06:51:12.716 26456-26456/com.huza.carrot_and_stick I/Ads: Use AdRequest.Builder.addTestDevice("6FC5B2D71D969C032763CB1DBFFA1FCD") to get test ads on this device.
01-23 06:51:12.721 26456-26543/com.huza.carrot_and_stick W/AudioCapabilities: Unsupported mime audio/adpcm
01-23 06:51:12.728 26456-26543/com.huza.carrot_and_stick W/AudioCapabilities: Unsupported mime audio/g726
01-23 06:51:12.731 26456-26543/com.huza.carrot_and_stick W/AudioCapabilities: Unsupported mime audio/eac3
01-23 06:51:12.734 26456-26543/com.huza.carrot_and_stick W/AudioCapabilities: Unsupported mime audio/ac3
01-23 06:51:12.735 26456-26543/com.huza.carrot_and_stick W/AudioCapabilities: Unsupported mime audio/lg-wma-voice
01-23 06:51:12.739 26456-26543/com.huza.carrot_and_stick W/AudioCapabilities: Unsupported mime audio/x-lg-ms-wma
01-23 06:51:12.745 26456-26543/com.huza.carrot_and_stick W/VideoCapabilities: Unsupported mime video/theora
01-23 06:51:12.750 26456-26543/com.huza.carrot_and_stick W/VideoCapabilities: Unsupported mime video/mjpg
01-23 06:51:12.752 26456-26543/com.huza.carrot_and_stick W/AudioCapabilities: Unsupported mime audio/x-lg-alac
01-23 06:51:12.753 26456-26543/com.huza.carrot_and_stick W/AudioCapabilities: Unsupported mime audio/MUSICAM
01-23 06:51:12.755 26456-26543/com.huza.carrot_and_stick W/AudioCapabilities: Unsupported mime audio/bsac
01-23 06:51:12.809 26456-26543/com.huza.carrot_and_stick W/VideoCapabilities: Unrecognized profile 2130706433 for video/avc
01-23 06:51:12.841 26456-26462/com.huza.carrot_and_stick W/art: Suspending all threads took: 15.172ms
01-23 06:51:12.853 26456-26543/com.huza.carrot_and_stick W/VideoCapabilities: Unsupported mime video/x-ms-wmv
01-23 06:51:12.855 26456-26543/com.huza.carrot_and_stick W/VideoCapabilities: Unsupported mime video/x-ms-wmv
01-23 06:51:12.858 26456-26543/com.huza.carrot_and_stick W/VideoCapabilities: Unsupported mime video/divx
01-23 06:51:12.860 26456-26543/com.huza.carrot_and_stick W/VideoCapabilities: Unsupported mime video/divx4
01-23 06:51:12.876 26456-26543/com.huza.carrot_and_stick W/VideoCapabilities: Unsupported mime video/mp4v-esdp
01-23 06:51:12.910 26456-26543/com.huza.carrot_and_stick I/VideoCapabilities: Unsupported profile 4 for video/mp4v-es
01-23 06:51:12.949 26456-26456/com.huza.carrot_and_stick D/Carrot_and_Stick: AlwaysOnTop : onSystemUiVisibilityChange1 : 4354
01-23 06:51:12.973 26456-26562/com.huza.carrot_and_stick D/OpenGLRenderer: Use EGL_SWAP_BEHAVIOR_PRESERVED: true
01-23 06:51:12.986 1375-1385/? D/InputDispatcher: Focus entered window: Window{97f782e u0 com.huza.carrot_and_stick}
01-23 06:51:12.986 1375-1389/? I/SystemUI[Framework]: PhoneWindowManager.updateSystemUiVisibilityLw() :visibility=0x8000, pkg=com.huza.carrot_and_stick
01-23 06:51:12.987 1375-1389/? D/StatusBarManagerServiceEx: manageNaviBtnDisableList userId=0 what=0x0 pkg=Window{97f782e u0 com.huza.carrot_and_stick}
01-23 06:51:12.987 1375-1389/? I/SystemUI[Framework]: ==>disabledNaviBtn() what=0x0, token=android.os.Binder@47a1a22,  pkg=Window{97f782e u0 com.huza.carrot_and_stick}
01-23 06:51:12.995 26456-26456/com.huza.carrot_and_stick D/Carrot_and_Stick: AlwaysOnTop : onStartCommand
01-23 06:51:13.004 26456-26456/com.huza.carrot_and_stick D/Carrot_and_Stick: AlwaysOnTop : onStartCommand : startForeground 호출!!!
01-23 06:51:13.027 26456-26456/com.huza.carrot_and_stick D/Carrot_and_Stick: ServiceBackground 생성
01-23 06:51:13.043 26456-26456/com.huza.carrot_and_stick D/Carrot_and_Stick: ServiceBackground : init : ReceiverStateListener 등록
01-23 06:51:13.043 26456-26456/com.huza.carrot_and_stick D/Carrot_and_Stick: ServiceBackground : Init_firebase : started
01-23 06:51:13.150 26456-26456/com.huza.carrot_and_stick I/DynamiteModule: Considering local module com.google.android.gms.firebase_database:4 and remote module com.google.android.gms.firebase_database:4
01-23 06:51:13.150 26456-26456/com.huza.carrot_and_stick I/DynamiteModule: Selected remote version of com.google.android.gms.firebase_database, version >= 4
01-23 06:51:13.166 26456-26456/com.huza.carrot_and_stick D/Carrot_and_Stick: ServiceBackground : Init_firebase : log_init : 1485121873166
01-23 06:51:13.166 26456-26456/com.huza.carrot_and_stick D/Carrot_and_Stick: ServiceBackground : Init_firebase : log_init : 1484578800166
01-23 06:51:13.191 26456-26456/com.huza.carrot_and_stick D/Carrot_and_Stick: ServiceBackground : checkServiceRunning : com.huza.carrot_and_stick.ServiceAlwaysOnTop = found!!!!
01-23 06:51:13.195 26456-26456/com.huza.carrot_and_stick I/Choreographer: Skipped 74 frames!  The application may be doing too much work on its main thread.
01-23 06:51:13.218 26456-26456/com.huza.carrot_and_stick D/Carrot_and_Stick: AlwaysOnTop : AOTAdapter : instantiating : 1
01-23 06:51:13.274 26456-26456/com.huza.carrot_and_stick D/Carrot_and_Stick: SlidingLayout : init called
01-23 06:51:13.307 26456-26456/com.huza.carrot_and_stick D/Carrot_and_Stick: AlwaysOnTop : AOTAdapter : elevation adopted!!
01-23 06:51:13.314 26456-26456/com.huza.carrot_and_stick D/Carrot_and_Stick: AlwaysOnTop : AOTAdapter : instantiateItem : 1(main)
01-23 06:51:13.316 26456-26456/com.huza.carrot_and_stick D/Carrot_and_Stick: SlidingLayout : phoneStateListener1 : -1 | -1275068417 = false | false | false
01-23 06:51:13.317 26456-26456/com.huza.carrot_and_stick D/Carrot_and_Stick: AlwaysOnTop : AOTAdapter : instantiating : 0
01-23 06:51:13.321 26456-26456/com.huza.carrot_and_stick D/Carrot_and_Stick: AlwaysOnTop : AOTAdapter : elevation adopted!!
01-23 06:51:13.322 26456-26456/com.huza.carrot_and_stick D/Carrot_and_Stick: AlwaysOnTop : AOTAdapter : instantiateItem : 0(setting)
01-23 06:51:13.325 26456-26456/com.huza.carrot_and_stick D/Carrot_and_Stick: AlwaysOnTop : AOTAdapter : setting initialized
01-23 06:51:13.325 26456-26456/com.huza.carrot_and_stick D/Carrot_and_Stick: AlwaysOnTop : AOTAdapter : instantiating : 2
01-23 06:51:13.327 26456-26456/com.huza.carrot_and_stick D/Carrot_and_Stick: AlwaysOnTop : AOTAdapter : elevation adopted!!
01-23 06:51:13.328 26456-26456/com.huza.carrot_and_stick D/Carrot_and_Stick: AlwaysOnTop : AOTAdapter : instantiateItem : 2(history)
01-23 06:51:13.330 26456-26456/com.huza.carrot_and_stick D/Carrot_and_Stick: AlwaysOnTop : AOTAdapter : history initialized
01-23 06:51:13.368 1375-1389/? I/SystemUI[Framework]: PhoneWindowManager.updateSystemUiVisibilityLw() :visibility=0x9102, pkg=com.huza.carrot_and_stick
01-23 06:51:13.370 1375-1389/? D/StatusBarManagerServiceEx: manageNaviBtnDisableList userId=0 what=0x0 pkg=Window{97f782e u0 com.huza.carrot_and_stick}
01-23 06:51:13.370 1375-1389/? I/SystemUI[Framework]: ==>disabledNaviBtn() what=0x0, token=android.os.Binder@47a1a22,  pkg=Window{97f782e u0 com.huza.carrot_and_stick}
01-23 06:51:13.391 26456-26562/com.huza.carrot_and_stick I/OpenGLRenderer: Initialized EGL, version 1.4
01-23 06:51:13.444 26456-26456/com.huza.carrot_and_stick D/Carrot_and_Stick: SlidingLayout : onSizeChanged
01-23 06:51:13.449 26456-26456/com.huza.carrot_and_stick D/Carrot_and_Stick: SettingAdapter : 0 : !Switch
01-23 06:51:13.463 26456-26456/com.huza.carrot_and_stick D/Carrot_and_Stick: SettingAdapter : OnCheckedChangeListener | 알림영역 새로고침
01-23 06:51:13.463 26456-26456/com.huza.carrot_and_stick D/Carrot_and_Stick: SettingAdapter : initialized item : 0
01-23 06:51:13.472 26456-26456/com.huza.carrot_and_stick D/Carrot_and_Stick: SettingAdapter : 1 : Switch
01-23 06:51:13.474 26456-26456/com.huza.carrot_and_stick D/Carrot_and_Stick: SettingAdapter : initialized item : 1
01-23 06:51:13.485 26456-26456/com.huza.carrot_and_stick D/Carrot_and_Stick: SettingAdapter : 2 : Switch
01-23 06:51:13.487 26456-26456/com.huza.carrot_and_stick D/Carrot_and_Stick: SettingAdapter : initialized item : 2
01-23 06:51:13.495 26456-26456/com.huza.carrot_and_stick D/Carrot_and_Stick: SettingAdapter : 3 : !Switch
01-23 06:51:13.497 26456-26456/com.huza.carrot_and_stick D/Carrot_and_Stick: SettingAdapter : OnCheckedChangeListener | Credit 변화효과
01-23 06:51:13.497 26456-26456/com.huza.carrot_and_stick D/Carrot_and_Stick: SettingAdapter : initialized item : 3
01-23 06:51:13.506 26456-26456/com.huza.carrot_and_stick D/Carrot_and_Stick: SettingAdapter : 4 : Button
01-23 06:51:13.508 26456-26456/com.huza.carrot_and_stick D/Carrot_and_Stick: SettingAdapter : initialized item : 4
01-23 06:51:13.517 26456-26456/com.huza.carrot_and_stick D/Carrot_and_Stick: SettingAdapter : 5 : Button
01-23 06:51:13.518 26456-26456/com.huza.carrot_and_stick D/Carrot_and_Stick: SettingAdapter : initialized item : 5
01-23 06:51:13.539 26456-26577/com.huza.carrot_and_stick D/ConnectivityManager.CallbackHandler: CM callback handler got msg 524290
01-23 06:51:13.542 26456-26577/com.huza.carrot_and_stick D/ConnectivityManager.CallbackHandler: CM callback handler got msg 524290
01-23 06:51:13.558 26456-26456/com.huza.carrot_and_stick D/Carrot_and_Stick: ServiceBackground : phoneStateListener : onCallStateChanged : 0
01-23 06:51:13.558 26456-26456/com.huza.carrot_and_stick D/Carrot_and_Stick: ServiceBackground : sendUserCredit : -1
01-23 06:51:13.558 26456-26456/com.huza.carrot_and_stick D/Carrot_and_Stick: ServiceBackground : MESSAGE : sendMessage0 = false : 151 | 0 : lets_stop_thisloop = false
